Archive member included to satisfy reference by file (symbol)

BSP/libBSP_LIB.a(sys.c.obj)   CMakeFiles/SMC.elf.dir/USER/main.c.obj (NVIC_Configuration)
BSP/libBSP_LIB.a(Serial.c.obj)
                              CMakeFiles/SMC.elf.dir/USER/main.c.obj (Stde_DataTypeDef_Init)
BSP/libBSP_LIB.a(usart.c.obj)
                              CMakeFiles/SMC.elf.dir/USER/main.c.obj (bsp_usart_1_inti)
BSP/libBSP_LIB.a(gpio.c.obj)  BSP/libBSP_LIB.a(usart.c.obj) (bsp_gpio_init)
BSP/libBSP_LIB.a(stm32f4xx_gpio.c.obj)
                              BSP/libBSP_LIB.a(usart.c.obj) (GPIO_Init)
BSP/libBSP_LIB.a(misc.c.obj)  BSP/libBSP_LIB.a(sys.c.obj) (NVIC_PriorityGroupConfig)
BSP/libBSP_LIB.a(stm32f4xx_rcc.c.obj)
                              BSP/libBSP_LIB.a(stm32f4xx_gpio.c.obj) (RCC_AHB1PeriphResetCmd)
CORE/libCORE_LIB.a(stratup.c.obj)
                              (Reset_Handler)
CORE/libCORE_LIB.a(system_stm32f4xx.c.obj)
                              CORE/libCORE_LIB.a(stratup.c.obj) (SystemInit)
HARDWARE/libHARDWARE_LIB.a(inv_mpu.c.obj)
                              CMakeFiles/SMC.elf.dir/USER/main.c.obj (mpu_dmp_init)
HARDWARE/libHARDWARE_LIB.a(inv_mpu_dmp_motion_driver.c.obj)
                              HARDWARE/libHARDWARE_LIB.a(inv_mpu.c.obj) (dmp_load_motion_driver_firmware)
HARDWARE/libHARDWARE_LIB.a(OLED.c.obj)
                              CMakeFiles/SMC.elf.dir/USER/main.c.obj (OLED_Init)
HARDWARE/libHARDWARE_LIB.a(OLED_Data.c.obj)
                              HARDWARE/libHARDWARE_LIB.a(OLED.c.obj) (OLED_CF16x16)
HARDWARE/libHARDWARE_LIB.a(sdram.c.obj)
                              CORE/libCORE_LIB.a(stratup.c.obj) (SDRAM_Init)
Project/libProject_LIB.a(adc.c.obj)
                              CMakeFiles/SMC.elf.dir/USER/main.c.obj (Project_BSP_ADC_Init)
Project/libProject_LIB.a(stm32f4xx_adc.c.obj)
                              Project/libProject_LIB.a(adc.c.obj) (ADC_Init)
Project/libProject_LIB.a(hw201.c.obj)
                              CMakeFiles/SMC.elf.dir/USER/main.c.obj (Project_BSP_HW201_Init)
Project/libProject_LIB.a(key.c.obj)
                              CMakeFiles/SMC.elf.dir/USER/main.c.obj (Project_BSP_KEY_Init)
Project/libProject_LIB.a(led.c.obj)
                              CMakeFiles/SMC.elf.dir/USER/main.c.obj (Project_BSP_LED_Init)
Project/libProject_LIB.a(pwm.c.obj)
                              CMakeFiles/SMC.elf.dir/USER/main.c.obj (Project_BSP_PWM_TIM2_Init)
Project/libProject_LIB.a(stm32f4xx_tim.c.obj)
                              Project/libProject_LIB.a(pwm.c.obj) (TIM_TimeBaseInit)
Project/libProject_LIB.a(tb6612_port.c.obj)
                              CMakeFiles/SMC.elf.dir/USER/main.c.obj (Project_BSP_TB6612_Init)
Project/libProject_LIB.a(ControlTask.c.obj)
                              CMakeFiles/SMC.elf.dir/USER/main.c.obj (Project_LIB_ControlStrat)
Project/libProject_LIB.a(control.c.obj)
                              Project/libProject_LIB.a(ControlTask.c.obj) (PID_forLine)
Project/libProject_LIB.a(pid.c.obj)
                              Project/libProject_LIB.a(ControlTask.c.obj) (PID_TypeStructInit)
Project/libProject_LIB.a(tools.c.obj)
                              CMakeFiles/SMC.elf.dir/USER/main.c.obj (Project_LIB_TIM3_Init)
RTOS/libRTOS_LIB.a(tasks.c.obj)
                              CMakeFiles/SMC.elf.dir/USER/main.c.obj (xTaskCreate)
RTOS/libRTOS_LIB.a(timers.c.obj)
                              RTOS/libRTOS_LIB.a(tasks.c.obj) (xTimerCreateTimerTask)
RTOS/libRTOS_LIB.a(heap_4.c.obj)
                              RTOS/libRTOS_LIB.a(tasks.c.obj) (pvPortMalloc)
RTOS/libRTOS_LIB.a(port.c.obj)
                              RTOS/libRTOS_LIB.a(tasks.c.obj) (pxPortInitialiseStack)
RTOS/libRTOS_LIB.a(list.c.obj)
                              RTOS/libRTOS_LIB.a(tasks.c.obj) (vListInitialise)
RTOS/libRTOS_LIB.a(queue.c.obj)
                              RTOS/libRTOS_LIB.a(timers.c.obj) (xQueueGenericCreate)
USER/libUSER_LIB.a(RTOSTask.c.obj)
                              Project/libProject_LIB.a(tools.c.obj) (Task4_LEDPlay)
BSP/i2c/libi2c_LIB.a(softi2c.c.obj)
                              HARDWARE/libHARDWARE_LIB.a(inv_mpu.c.obj) (Soft_IIC_Init)
/usr/lib/gcc/arm-none-eabi/13.2.1/thumb/v7e-m+fp/hard/libgcc.a(_arm_muldf3.o)
                              HARDWARE/libHARDWARE_LIB.a(inv_mpu.c.obj) (__aeabi_dmul)
/usr/lib/gcc/arm-none-eabi/13.2.1/thumb/v7e-m+fp/hard/libgcc.a(_arm_addsubdf3.o)
                              HARDWARE/libHARDWARE_LIB.a(OLED.c.obj) (__aeabi_dsub)
/usr/lib/gcc/arm-none-eabi/13.2.1/thumb/v7e-m+fp/hard/libgcc.a(_arm_muldivdf3.o)
                              HARDWARE/libHARDWARE_LIB.a(OLED.c.obj) (__aeabi_ddiv)
/usr/lib/gcc/arm-none-eabi/13.2.1/thumb/v7e-m+fp/hard/libgcc.a(_arm_cmpdf2.o)
                              HARDWARE/libHARDWARE_LIB.a(OLED.c.obj) (__aeabi_dcmplt)
/usr/lib/gcc/arm-none-eabi/13.2.1/thumb/v7e-m+fp/hard/libgcc.a(_arm_fixdfsi.o)
                              HARDWARE/libHARDWARE_LIB.a(OLED.c.obj) (__aeabi_d2iz)
[...]
Memory Configuration

Name             Origin             Length             Attributes
RAM              0x20000000         0x00030000         xrw
CCMRAM           0x10000000         0x00010000         xrw
FLASH            0x08000000         0x00100000         xr
EXTSDRAM         0xc0000000         0x02000000         xrw
*default*        0x00000000         0xffffffff

Linker script and memory map

LOAD /usr/lib/gcc/arm-none-eabi/13.2.1/thumb/v7e-m+fp/hard/crti.o
LOAD /usr/lib/gcc/arm-none-eabi/13.2.1/thumb/v7e-m+fp/hard/crtbegin.o
LOAD /usr/lib/gcc/arm-none-eabi/13.2.1/../../../arm-none-eabi/lib/thumb/v7e-m+fp/hard/crt0.o
LOAD CMakeFiles/SMC.elf.dir/USER/main.c.obj
LOAD BSP/libBSP_LIB.a
LOAD CORE/libCORE_LIB.a
LOAD HARDWARE/libHARDWARE_LIB.a
LOAD Project/libProject_LIB.a
LOAD RTOS/libRTOS_LIB.a
LOAD USER/libUSER_LIB.a
LOAD BSP/gpio/libgpio_LIB.a
LOAD BSP/i2c/libi2c_LIB.a
LOAD BSP/spi/libspi_LIB.a
LOAD BSP/usart/libusart_LIB.a
LOAD HARDWARE/LCD/libLCD_LIB.a
LOAD HARDWARE/LCD/GUI/libGUI_LIB.a
LOAD HARDWARE/LCD/TOUCH/libTOUCH_LIB.a
LOAD HARDWARE/MPU6050/libMPU6050_LIB.a
LOAD HARDWARE/OLED/libOLED_LIB.a
LOAD HARDWARE/SDRAM/libSDRAM_LIB.a
LOAD Project/Dev/libProject_Dev_LIB.a
LOAD Project/Dev/ADC/libADC_LIB.a
LOAD Project/Dev/HW_201/libHW_201_LIB.a
LOAD Project/Dev/KEY/libKEY_LIB.a
LOAD Project/Dev/LED/libLED_LIB.a
LOAD Project/Dev/PWM/libPWM_LIB.a
LOAD Project/Dev/TB6612/libTB6612_LIB.a
LOAD Project/LIB/libProject_LIB_LIB.a
LOAD Project/LIB/Control/libControl_LIB.a
LOAD Project/LIB/PID/libPID_LIB.a
LOAD Project/LIB/Tools/libTools_LIB.a
LOAD RTOS/portable/libportable_LIB.a
LOAD RTOS/comment/libcomment_LIB.a
START GROUP
LOAD /usr/lib/gcc/arm-none-eabi/13.2.1/thumb/v7e-m+fp/hard/libgcc.a
LOAD /usr/lib/gcc/arm-none-eabi/13.2.1/../../../arm-none-eabi/lib/thumb/v7e-m+fp/hard/libg.a
LOAD /usr/lib/gcc/arm-none-eabi/13.2.1/../../../arm-none-eabi/lib/thumb/v7e-m+fp/hard/libc.a
END GROUP
LOAD /usr/lib/gcc/arm-none-eabi/13.2.1/thumb/v7e-m+fp/hard/crtend.o
LOAD /usr/lib/gcc/arm-none-eabi/13.2.1/thumb/v7e-m+fp/hard/crtn.o
                0x20030000                        _estack = (ORIGIN (RAM) + LENGTH (RAM))
                0x00000400                        _Min_Heap_Size = 0x400
                0x00001400                        _Min_Stack_Size = 0x1400

.isr_vector     0x08000000      0x1ac
                0x08000000                        . = ALIGN (0x4)
 *(.isr_vector)
 .isr_vector    0x08000000      0x1ac CORE/libCORE_LIB.a(stratup.c.obj)
                0x08000000                g_pfnVectors
                0x080001ac                        . = ALIGN (0x4)

.text           0x080001c0     0xe008
                0x080001c0                        . = ALIGN (0x4)
 *(.text)
 .text          0x080001c0       0x88 /usr/lib/gcc/arm-none-eabi/13.2.1/thumb/v7e-m+fp/hard/crtbegin.o
 .text          0x08000248      0x378 /usr/lib/gcc/arm-none-eabi/13.2.1/thumb/v7e-m+fp/hard/libgcc.a(_arm_addsubdf3.o)
                0x08000248                __aeabi_drsub
                0x08000250                __aeabi_dsub
                0x08000250                __subdf3
                0x08000254                __adddf3
                0x08000254                __aeabi_dadd
                0x080004cc                __aeabi_ui2d
                0x080004cc                __floatunsidf
                0x080004ec                __floatsidf
                0x080004ec                __aeabi_i2d
                0x08000510                __extendsfdf2
                0x08000510                __aeabi_f2d
                0x08000554                __aeabi_ul2d
                0x08000554                __floatundidf
                0x08000564                __floatdidf
                0x08000564                __aeabi_l2d
 .text          0x080005c0      0x424 /usr/lib/gcc/arm-none-eabi/13.2.1/thumb/v7e-m+fp/hard/libgcc.a(_arm_muldivdf3.o)
                0x080005c0                __aeabi_dmul
                0x080005c0                __muldf3
                0x08000814                __aeabi_ddiv
                0x08000814                __divdf3
 .text          0x080009e4      0x110 /usr/lib/gcc/arm-none-eabi/13.2.1/thumb/v7e-m+fp/hard/libgcc.a(_arm_cmpdf2.o)
                0x080009e4                __gtdf2
                0x080009e4                __gedf2
                0x080009ec                __ltdf2
                0x080009ec                __ledf2
                0x080009f4                __cmpdf2
                0x080009f4                __eqdf2
                0x080009f4                __nedf2
                0x08000a70                __aeabi_cdrcmple
                0x08000a80                __aeabi_cdcmple
                0x08000a80                __aeabi_cdcmpeq
                0x08000a90                __aeabi_dcmpeq
                0x08000aa4                __aeabi_dcmplt
                0x08000ab8                __aeabi_dcmple
                0x08000acc                __aeabi_dcmpge
                0x08000ae0                __aeabi_dcmpgt
 .text          0x08000af4       0x50 /usr/lib/gcc/arm-none-eabi/13.2.1/thumb/v7e-m+fp/hard/libgcc.a(_arm_fixdfsi.o)
                0x08000af4                __fixdfsi
                0x08000af4                __aeabi_d2iz
 .text          0x08000b44       0xa0 /usr/lib/gcc/arm-none-eabi/13.2.1/thumb/v7e-m+fp/hard/libgcc.a(_arm_truncdfsf2.o)
                0x08000b44                __aeabi_d2f
                0x08000b44                __truncdfsf2
 .text          0x08000be4       0xa4 /usr/lib/gcc/arm-none-eabi/13.2.1/../../../arm-none-eabi/lib/thumb/v7e-m+fp/hard/libg.a(libc_a-memset.o)
                0x08000be4                memset
 *fill*         0x08000c88       0x18 
 .text          0x08000ca0      0x2e0 /usr/lib/gcc/arm-none-eabi/13.2.1/../../../arm-none-eabi/lib/thumb/v7e-m+fp/hard/libg.a(libc_a-strcmp.o)
                0x08000ca0                strcmp
 .text          0x08000f80       0x64 /usr/lib/gcc/arm-none-eabi/13.2.1/../../../arm-none-eabi/lib/thumb/v7e-m+fp/hard/libg.a(libc_a-vsprintf.o)
                0x08000f80                vsprintf
                0x08000fb8                _vsprintf_r
 .text          0x08000fe4       0x5c /usr/lib/gcc/arm-none-eabi/13.2.1/../../../arm-none-eabi/lib/thumb/v7e-m+fp/hard/libg.a(libc_a-memcmp.o)
                0x08000fe4                memcmp
 .text          0x08001040      0x134 /usr/lib/gcc/arm-none-eabi/13.2.1/../../../arm-none-eabi/lib/thumb/v7e-m+fp/hard/libg.a(libc_a-memcpy.o)
                0x08001040                memcpy
 .text          0x08001174       0x50 /usr/lib/gcc/arm-none-eabi/13.2.1/../../../arm-none-eabi/lib/thumb/v7e-m+fp/hard/libg.a(libc_a-init.o)
                0x08001174                __libc_init_array
 .text          0x080011c4      0x224 /usr/lib/gcc/arm-none-eabi/13.2.1/../../../arm-none-eabi/lib/thumb/v7e-m+fp/hard/libg.a(libc_a-findfp.o)
                0x080012f4                __sfp
                0x08001398                __sinit
                0x080013b8                __sfp_lock_acquire
                0x080013bc                __sfp_lock_release
                0x080013c0                __fp_lock_all
                0x080013d4                __fp_unlock_all
 .text          0x080013e8       0x7c /usr/lib/gcc/arm-none-eabi/13.2.1/../../../arm-none-eabi/lib/thumb/v7e-m+fp/hard/libg.a(libc_a-puts.o)
                0x080013e8                _puts_r
                0x08001454                puts
 .text          0x08001464      0x300 /usr/lib/gcc/arm-none-eabi/13.2.1/../../../arm-none-eabi/lib/thumb/v7e-m+fp/hard/libg.a(libc_a-fvwrite.o)
                0x08001464                __sfvwrite_r
 .text          0x08001764        0xc /usr/lib/gcc/arm-none-eabi/13.2.1/../../../arm-none-eabi/lib/thumb/v7e-m+fp/hard/libg.a(libc_a-atexit.o)
                0x08001764                atexit
 .text          0x08001770       0x48 /usr/lib/gcc/arm-none-eabi/13.2.1/../../../arm-none-eabi/lib/thumb/v7e-m+fp/hard/libg.a(libc_a-printf.o)
                0x08001770                _printf_r
                0x08001790                printf
 .text          0x080017b8       0x28 /usr/lib/gcc/arm-none-eabi/13.2.1/../../../arm-none-eabi/lib/thumb/v7e-m+fp/hard/libg.a(libc_a-fini.o)
                0x080017b8                __libc_fini_array
 *fill*         0x080017e0       0x20 
 .text          0x08001800       0xd8 /usr/lib/gcc/arm-none-eabi/13.2.1/../../../arm-none-eabi/lib/thumb/v7e-m+fp/hard/libg.a(libc_a-strlen.o)
                0x08001800                strlen
 .text          0x080018d8       0x44 /usr/lib/gcc/arm-none-eabi/13.2.1/../../../arm-none-eabi/lib/thumb/v7e-m+fp/hard/libg.a(libc_a-fwalk.o)
                0x080018d8                _fwalk_sglue
 *fill*         0x0800191c        0x4 
 .text          0x08001920     0x14ac /usr/lib/gcc/arm-none-eabi/13.2.1/../../../arm-none-eabi/lib/thumb/v7e-m+fp/hard/libg.a(libc_a-vfprintf.o)
                0x08001920                _vfprintf_r
                0x08002d44                vfprintf
 *fill*         0x08002dcc        0x4 
 .text          0x08002dd0       0xa0 /usr/lib/gcc/arm-none-eabi/13.2.1/../../../arm-none-eabi/lib/thumb/v7e-m+fp/hard/libg.a(libc_a-memchr.o)
                0x08002dd0                memchr
 .text          0x08002e70     0x13c0 /usr/lib/gcc/arm-none-eabi/13.2.1/../../../arm-none-eabi/lib/thumb/v7e-m+fp/hard/libg.a(libc_a-svfprintf.o)
                0x08002e70                _svfprintf_r
 .text          0x08004230      0x1ac /usr/lib/gcc/arm-none-eabi/13.2.1/../../../arm-none-eabi/lib/thumb/v7e-m+fp/hard/libg.a(libc_a-fflush.o)
                0x08004230                __sflush_r
                0x08004368                _fflush_r
                0x08004394                fflush
 .text          0x080043dc      0x100 /usr/lib/gcc/arm-none-eabi/13.2.1/../../../arm-none-eabi/lib/thumb/v7e-m+fp/hard/libg.a(libc_a-memmove.o)
                0x080043dc                memmove
 .text          0x080044dc      0x554 /usr/lib/gcc/arm-none-eabi/13.2.1/../../../arm-none-eabi/lib/thumb/v7e-m+fp/hard/libg.a(libc_a-mallocr.o)
                0x080044dc                _malloc_r
 .text          0x08004a30      0xfb0 /usr/lib/gcc/arm-none-eabi/13.2.1/../../../arm-none-eabi/lib/thumb/v7e-m+fp/hard/libg.a(libc_a-dtoa.o)
                0x08004b5c                _dtoa_r
 .text          0x080059e0       0xc4 /usr/lib/gcc/arm-none-eabi/13.2.1/../../../arm-none-eabi/lib/thumb/v7e-m+fp/hard/libg.a(libc_a-wsetup.o)
                0x080059e0                __swsetup_r
 .text          0x08005aa4      0x2b0 /usr/lib/gcc/arm-none-eabi/13.2.1/../../../arm-none-eabi/lib/thumb/v7e-m+fp/hard/libg.a(libc_a-freer.o)
                0x08005aa4                _malloc_trim_r
                0x08005b5c                _free_r
 .text          0x08005d54       0x90 /usr/lib/gcc/arm-none-eabi/13.2.1/../../../arm-none-eabi/lib/thumb/v7e-m+fp/hard/libg.a(libc_a-fclose.o)
                0x08005d54                _fclose_r
                0x08005dd4                fclose
 .text          0x08005de4       0x1c /usr/lib/gcc/arm-none-eabi/13.2.1/../../../arm-none-eabi/lib/thumb/v7e-m+fp/hard/libg.a(libc_a-sysconf.o)
                0x08005de4                sysconf
 .text          0x08005e00       0x94 /usr/lib/gcc/arm-none-eabi/13.2.1/../../../arm-none-eabi/lib/thumb/v7e-m+fp/hard/libg.a(libc_a-stdio.o)
                0x08005e00                __sread
                0x08005e24                __seofread
                0x08005e28                __swrite
                0x08005e68                __sseek
                0x08005e8c                __sclose
 .text          0x08005e94       0x64 /usr/lib/gcc/arm-none-eabi/13.2.1/../../../arm-none-eabi/lib/thumb/v7e-m+fp/hard/libg.a(libc_a-__atexit.o)
                0x08005e94                __register_exitproc
 .text          0x08005ef8      0x344 /usr/lib/gcc/arm-none-eabi/13.2.1/../../../arm-none-eabi/lib/thumb/v7e-m+fp/hard/libg.a(libc_a-reallocr.o)
                0x08005ef8                _realloc_r
 .text          0x0800623c        0x8 /usr/lib/gcc/arm-none-eabi/13.2.1/../../../arm-none-eabi/lib/thumb/v7e-m+fp/hard/libg.a(libc_a-mlock.o)
                0x0800623c                __malloc_lock
                0x08006240                __malloc_unlock
 .text          0x08006244       0x58 /usr/lib/gcc/arm-none-eabi/13.2.1/../../../arm-none-eabi/lib/thumb/v7e-m+fp/hard/libg.a(libc_a-ssprint_r.o)
                0x08006244                __ssprint_r
 .text          0x0800629c       0x24 /usr/lib/gcc/arm-none-eabi/13.2.1/../../../arm-none-eabi/lib/thumb/v7e-m+fp/hard/libg.a(libc_a-sbrkr.o)
                0x0800629c                _sbrk_r
 .text          0x080062c0       0x20 /usr/lib/gcc/arm-none-eabi/13.2.1/../../../arm-none-eabi/lib/thumb/v7e-m+fp/hard/libg.a(libc_a-sprint_r.o)
                0x080062c0                __sprint_r
 .text          0x080062e0       0x4c /usr/lib/gcc/arm-none-eabi/13.2.1/../../../arm-none-eabi/lib/thumb/v7e-m+fp/hard/libg.a(libc_a-assert.o)
                0x080062e0                __assert_func
                0x08006320                __assert
 .text          0x0800632c      0xab8 /usr/lib/gcc/arm-none-eabi/13.2.1/../../../arm-none-eabi/lib/thumb/v7e-m+fp/hard/libg.a(libc_a-mprec.o)
                0x0800632c                _Balloc
                0x08006378                _Bfree
                0x0800638c                __multadd
                0x0800642c                __s2b
                0x080064e0                __hi0bits
                0x08006524                __lo0bits
                0x08006584                __i2b
                0x080065e0                __multiply
                0x0800674c                __pow5mult
                0x08006800                __lshift
                0x080068f0                __mcmp
                0x08006934                __mdiff
                0x08006aac                __ulp
                0x08006b10                __b2d
                0x08006bcc                __d2b
                0x08006c8c                __ratio
                0x08006cec                _mprec_log10
                0x08006d2c                __copybits
                0x08006d88                __any_on
 .text          0x08006de4       0x14 /usr/lib/gcc/arm-none-eabi/13.2.1/../../../arm-none-eabi/lib/thumb/v7e-m+fp/hard/libg.a(libc_a-localeconv.o)
                0x08006de4                __localeconv_l
                0x08006de8                _localeconv_r
                0x08006df0                localeconv
 .text          0x08006df8      0x13c /usr/lib/gcc/arm-none-eabi/13.2.1/../../../arm-none-eabi/lib/thumb/v7e-m+fp/hard/libg.a(libc_a-makebuf.o)
                0x08006df8                __smakebuf_r
                0x08006ed4                __swhatbuf_r
 .text          0x08006f34       0x40 /usr/lib/gcc/arm-none-eabi/13.2.1/../../../arm-none-eabi/lib/thumb/v7e-m+fp/hard/libg.a(libc_a-mbtowc_r.o)
                0x08006f34                _mbtowc_r
                0x08006f48                __ascii_mbtowc
 .text          0x08006f74        0xc /usr/lib/gcc/arm-none-eabi/13.2.1/../../../arm-none-eabi/lib/thumb/v7e-m+fp/hard/libg.a(libc_a-errno.o)
                0x08006f74                __errno
 .text          0x08006f80       0x10 /usr/lib/gcc/arm-none-eabi/13.2.1/../../../arm-none-eabi/lib/thumb/v7e-m+fp/hard/libg.a(libc_a-abort.o)
                0x08006f80                abort
 .text          0x08006f90       0x6c /usr/lib/gcc/arm-none-eabi/13.2.1/../../../arm-none-eabi/lib/thumb/v7e-m+fp/hard/libg.a(libc_a-callocr.o)
                0x08006f90                _calloc_r
 .text          0x08006ffc       0xc0 /usr/lib/gcc/arm-none-eabi/13.2.1/../../../arm-none-eabi/lib/thumb/v7e-m+fp/hard/libg.a(libc_a-ssputs_r.o)
                0x08006ffc                __ssputs_r
 .text          0x080070bc       0x44 /usr/lib/gcc/arm-none-eabi/13.2.1/../../../arm-none-eabi/lib/thumb/v7e-m+fp/hard/libg.a(libc_a-fiprintf.o)
                0x080070bc                _fiprintf_r
                0x080070d8                fiprintf
 .text          0x08007100       0x30 /usr/lib/gcc/arm-none-eabi/13.2.1/../../../arm-none-eabi/lib/thumb/v7e-m+fp/hard/libg.a(libc_a-wctomb_r.o)
                0x08007100                _wctomb_r
                0x08007114                __ascii_wctomb
 .text          0x08007130      0x280 /usr/lib/gcc/arm-none-eabi/13.2.1/../../../arm-none-eabi/lib/thumb/v7e-m+fp/hard/libg.a(libc_a-signal.o)
                0x08007130                _init_signal_r
                0x08007160                _signal_r
                0x080071b0                _raise_r
                0x08007204                __sigtramp_r
                0x08007268                raise
                0x080072c0                signal
                0x08007310                _init_signal
                0x08007348                __sigtramp
 .text          0x080073b0      0xb44 /usr/lib/gcc/arm-none-eabi/13.2.1/../../../arm-none-eabi/lib/thumb/v7e-m+fp/hard/libg.a(libc_a-vfiprintf.o)
                0x080073b0                _vfiprintf_r
                0x08007e6c                vfiprintf
 .text          0x08007ef4       0x2c /usr/lib/gcc/arm-none-eabi/13.2.1/thumb/v7e-m+fp/hard/libgcc.a(_arm_unorddf2.o)
                0x08007ef4                __aeabi_dcmpun
                0x08007ef4                __unorddf2
 .text          0x08007f20        0x4 /usr/lib/gcc/arm-none-eabi/13.2.1/../../../arm-none-eabi/lib/thumb/v7e-m+fp/hard/libm.a(libm_a-w_atan2.o)
                0x08007f20                atan2
 *fill*         0x08007f24        0x4 
 .text          0x08007f28      0x1a8 /usr/lib/gcc/arm-none-eabi/13.2.1/../../../arm-none-eabi/lib/thumb/v7e-m+fp/hard/libm.a(libm_a-e_atan2.o)
                0x08007f28                __ieee754_atan2
 .text          0x080080d0       0x68 /usr/lib/gcc/arm-none-eabi/13.2.1/../../../arm-none-eabi/lib/thumb/v7e-m+fp/hard/libm.a(libm_a-w_asin.o)
                0x080080d0                asin
 .text          0x08008138      0x34c /usr/lib/gcc/arm-none-eabi/13.2.1/../../../arm-none-eabi/lib/thumb/v7e-m+fp/hard/libm.a(libm_a-s_atan.o)
                0x08008138                atan
 *fill*         0x08008484        0x4 
 .text          0x08008488      0x484 /usr/lib/gcc/arm-none-eabi/13.2.1/../../../arm-none-eabi/lib/thumb/v7e-m+fp/hard/libm.a(libm_a-e_asin.o)
                0x08008488                __ieee754_asin
 .text          0x0800890c       0x10 /usr/lib/gcc/arm-none-eabi/13.2.1/../../../arm-none-eabi/lib/thumb/v7e-m+fp/hard/libm.a(libm_a-s_fabs.o)
                0x0800890c                fabs
 *fill*         0x0800891c        0x4 
 .text          0x08008920       0x10 /usr/lib/gcc/arm-none-eabi/13.2.1/../../../arm-none-eabi/lib/thumb/v7e-m+fp/hard/libm.a(libm_a-s_nan.o)
                0x08008920                nan
 .text          0x08008930      0x1ec /usr/lib/gcc/arm-none-eabi/13.2.1/../../../arm-none-eabi/lib/thumb/v7e-m+fp/hard/libm.a(libm_a-e_sqrt.o)
                0x08008930                __ieee754_sqrt
 *(.text*)
 .text.main     0x08008b1c       0x74 CMakeFiles/SMC.elf.dir/USER/main.c.obj
                0x08008b1c                main
 .text.BSP_Init
                0x08008b90       0xe8 CMakeFiles/SMC.elf.dir/USER/main.c.obj
                0x08008b90                BSP_Init
 .text.TIM3_IRQHandler
                0x08008c78       0x20 CMakeFiles/SMC.elf.dir/USER/main.c.obj
                0x08008c78                TIM3_IRQHandler
 .text.USART2_IRQHandler
                0x08008c98       0x20 CMakeFiles/SMC.elf.dir/USER/main.c.obj
                0x08008c98                USART2_IRQHandler
 .text.USART3_IRQHandler
                0x08008cb8       0x20 CMakeFiles/SMC.elf.dir/USER/main.c.obj
                0x08008cb8                USART3_IRQHandler
 .text.bsp_systick_delay_us
                0x08008cd8       0x38 BSP/libBSP_LIB.a(sys.c.obj)
                0x08008cd8                bsp_systick_delay_us
 .text.bsp_systick_delay_ms
                0x08008d10       0x18 BSP/libBSP_LIB.a(sys.c.obj)
                0x08008d10                bsp_systick_delay_ms
 .text.NVIC_Configuration
                0x08008d28       0xa8 BSP/libBSP_LIB.a(sys.c.obj)
                0x08008d28                NVIC_Configuration
 .text._exit    0x08008dd0        0x2 BSP/libBSP_LIB.a(sys.c.obj)
                0x08008dd0                _exit
 .text._read_r  0x08008dd2        0x2 BSP/libBSP_LIB.a(sys.c.obj)
                0x08008dd2                _read_r
 .text._lseek_r
                0x08008dd4        0x2 BSP/libBSP_LIB.a(sys.c.obj)
                0x08008dd4                _lseek_r
 .text._kill_r  0x08008dd6        0x2 BSP/libBSP_LIB.a(sys.c.obj)
                0x08008dd6                _kill_r
 .text._isatty_r
                0x08008dd8        0x2 BSP/libBSP_LIB.a(sys.c.obj)
                0x08008dd8                _isatty_r
 .text._getpid_r
                0x08008dda        0x2 BSP/libBSP_LIB.a(sys.c.obj)
                0x08008dda                _getpid_r
 .text._fstat_r
                0x08008ddc        0x2 BSP/libBSP_LIB.a(sys.c.obj)
                0x08008ddc                _fstat_r
 .text._close_r
                0x08008dde        0x2 BSP/libBSP_LIB.a(sys.c.obj)
                0x08008dde                _close_r
 .text._write_r
                0x08008de0        0x2 BSP/libBSP_LIB.a(sys.c.obj)
                0x08008de0                _write_r
 .text._sbrk    0x08008de2        0x2 BSP/libBSP_LIB.a(sys.c.obj)
                0x08008de2                _sbrk
 .text.CMD_Callback
                0x08008de4        0x2 BSP/libBSP_LIB.a(Serial.c.obj)
                0x08008de4                CMD_Callback
 .text.DR_Eevet_Callback
                0x08008de6        0x2 BSP/libBSP_LIB.a(Serial.c.obj)
                0x08008de6                DR_Eevet_Callback
 .text.Stde_DataTypeDef_Init
                0x08008de8       0x58 BSP/libBSP_LIB.a(Serial.c.obj)
                0x08008de8                Stde_DataTypeDef_Init
 .text.STDE_UART
                0x08008e40       0xe0 BSP/libBSP_LIB.a(Serial.c.obj)
                0x08008e40                STDE_UART
 .text.USART_Deal
                0x08008f20       0x52 BSP/libBSP_LIB.a(Serial.c.obj)
                0x08008f20                USART_Deal
 *fill*         0x08008f72        0x2 
 .text.bsp_usart_1_inti
                0x08008f74      0x100 BSP/libBSP_LIB.a(usart.c.obj)
                0x08008f74                bsp_usart_1_inti
 .text.bsp_usart_2_inti
                0x08009074       0xf8 BSP/libBSP_LIB.a(usart.c.obj)
                0x08009074                bsp_usart_2_inti
 .text.bsp_usart_3_inti
                0x0800916c      0x128 BSP/libBSP_LIB.a(usart.c.obj)
                0x0800916c                bsp_usart_3_inti
 .text.bsp_uart_4_inti
                0x08009294      0x100 BSP/libBSP_LIB.a(usart.c.obj)
                0x08009294                bsp_uart_4_inti
 .text.bsp_uart_5_inti
                0x08009394      0x114 BSP/libBSP_LIB.a(usart.c.obj)
                0x08009394                bsp_uart_5_inti
 .text.UART4_IRQHandler
                0x080094a8       0x20 BSP/libBSP_LIB.a(usart.c.obj)
                0x080094a8                UART4_IRQHandler
 .text.UART5_IRQHandler
                0x080094c8       0x20 BSP/libBSP_LIB.a(usart.c.obj)
                0x080094c8                UART5_IRQHandler
 .text.bsp_gpio_init
                0x080094e8       0x8c BSP/libBSP_LIB.a(gpio.c.obj)
                0x080094e8                bsp_gpio_init
 .text.bsp_gpio_af_set
                0x08009574       0x66 BSP/libBSP_LIB.a(gpio.c.obj)
                0x08009574                bsp_gpio_af_set
 .text.GPIO_Init
                0x080095da       0xa4 BSP/libBSP_LIB.a(stm32f4xx_gpio.c.obj)
                0x080095da                GPIO_Init
 .text.GPIO_ReadInputDataBit
                0x0800967e        0xe BSP/libBSP_LIB.a(stm32f4xx_gpio.c.obj)
                0x0800967e                GPIO_ReadInputDataBit
 .text.GPIO_SetBits
                0x0800968c        0x4 BSP/libBSP_LIB.a(stm32f4xx_gpio.c.obj)
                0x0800968c                GPIO_SetBits
 .text.GPIO_ResetBits
                0x08009690        0x6 BSP/libBSP_LIB.a(stm32f4xx_gpio.c.obj)
                0x08009690                GPIO_ResetBits
 *fill*         0x08009696        0x2 
 .text.NVIC_PriorityGroupConfig
                0x08009698       0x14 BSP/libBSP_LIB.a(misc.c.obj)
                0x08009698                NVIC_PriorityGroupConfig
 .text.NVIC_Init
                0x080096ac       0x64 BSP/libBSP_LIB.a(misc.c.obj)
                0x080096ac                NVIC_Init
 .text.RCC_AHB1PeriphClockCmd
                0x08009710       0x1c BSP/libBSP_LIB.a(stm32f4xx_rcc.c.obj)
                0x08009710                RCC_AHB1PeriphClockCmd
 .text.RCC_APB1PeriphClockCmd
                0x0800972c       0x1c BSP/libBSP_LIB.a(stm32f4xx_rcc.c.obj)
                0x0800972c                RCC_APB1PeriphClockCmd
 .text.RCC_APB2PeriphClockCmd
                0x08009748       0x1c BSP/libBSP_LIB.a(stm32f4xx_rcc.c.obj)
                0x08009748                RCC_APB2PeriphClockCmd
 .text.Default_Handler
                0x08009764        0x2 CORE/libCORE_LIB.a(stratup.c.obj)
                0x08009764                RTC_Alarm_IRQHandler
                0x08009764                HASH_RNG_IRQHandler
                0x08009764                EXTI2_IRQHandler
                0x08009764                TIM8_CC_IRQHandler
                0x08009764                DebugMon_Handler
                0x08009764                UART8_IRQHandler
                0x08009764                SPI4_IRQHandler
                0x08009764                TIM1_CC_IRQHandler
                0x08009764                DMA2_Stream5_IRQHandler
                0x08009764                HardFault_Handler
                0x08009764                DMA1_Stream5_IRQHandler
                0x08009764                PVD_IRQHandler
                0x08009764                SDIO_IRQHandler
                0x08009764                TAMP_STAMP_IRQHandler
                0x08009764                NMI_Handler
                0x08009764                CAN2_RX1_IRQHandler
                0x08009764                EXTI3_IRQHandler
                0x08009764                TIM8_TRG_COM_TIM14_IRQHandler
                0x08009764                TIM1_UP_TIM10_IRQHandler
                0x08009764                TIM8_UP_TIM13_IRQHandler
                0x08009764                I2C3_ER_IRQHandler
                0x08009764                EXTI0_IRQHandler
                0x08009764                I2C2_EV_IRQHandler
                0x08009764                DMA1_Stream2_IRQHandler
                0x08009764                CAN1_RX0_IRQHandler
                0x08009764                FPU_IRQHandler
                0x08009764                OTG_HS_WKUP_IRQHandler
                0x08009764                UsageFault_Handler
                0x08009764                LTDC_ER_IRQHandler
                0x08009764                CAN2_SCE_IRQHandler
                0x08009764                DMA2_Stream2_IRQHandler
                0x08009764                SPI1_IRQHandler
                0x08009764                TIM6_DAC_IRQHandler
                0x08009764                TIM1_BRK_TIM9_IRQHandler
                0x08009764                DCMI_IRQHandler
                0x08009764                CAN2_RX0_IRQHandler
                0x08009764                DMA2_Stream3_IRQHandler
                0x08009764                USART6_IRQHandler
                0x08009764                CAN1_RX1_IRQHandler
                0x08009764                DMA2_Stream0_IRQHandler
                0x08009764                TIM4_IRQHandler
                0x08009764                I2C1_EV_IRQHandler
                0x08009764                DMA1_Stream6_IRQHandler
                0x08009764                DMA1_Stream1_IRQHandler
                0x08009764                RCC_IRQHandler
                0x08009764                TIM8_BRK_TIM12_IRQHandler
                0x08009764                Default_Handler
                0x08009764                EXTI15_10_IRQHandler
                0x08009764                ADC_IRQHandler
                0x08009764                DMA1_Stream7_IRQHandler
                0x08009764                SPI5_IRQHandler
                0x08009764                TIM7_IRQHandler
                0x08009764                CAN2_TX_IRQHandler
                0x08009764                TIM5_IRQHandler
                0x08009764                DMA2_Stream7_IRQHandler
                0x08009764                I2C3_EV_IRQHandler
                0x08009764                EXTI9_5_IRQHandler
                0x08009764                RTC_WKUP_IRQHandler
                0x08009764                LTDC_IRQHandler
                0x08009764                ETH_WKUP_IRQHandler
                0x08009764                SPI2_IRQHandler
                0x08009764                OTG_HS_EP1_IN_IRQHandler
                0x08009764                MemManage_Handler
                0x08009764                DMA1_Stream0_IRQHandler
                0x08009764                CAN1_TX_IRQHandler
                0x08009764                EXTI4_IRQHandler
                0x08009764                ETH_IRQHandler
                0x08009764                OTG_HS_EP1_OUT_IRQHandler
                0x08009764                WWDG_IRQHandler
                0x08009764                SPI6_IRQHandler
                0x08009764                TIM2_IRQHandler
                0x08009764                OTG_FS_WKUP_IRQHandler
                0x08009764                TIM1_TRG_COM_TIM11_IRQHandler
                0x08009764                OTG_HS_IRQHandler
                0x08009764                DMA2D_IRQHandler
                0x08009764                EXTI1_IRQHandler
                0x08009764                UART7_IRQHandler
                0x08009764                I2C2_ER_IRQHandler
                0x08009764                DMA2_Stream1_IRQHandler
                0x08009764                CAN1_SCE_IRQHandler
                0x08009764                FLASH_IRQHandler
                0x08009764                DMA2_Stream4_IRQHandler
                0x08009764                BusFault_Handler
                0x08009764                USART1_IRQHandler
                0x08009764                OTG_FS_IRQHandler
                0x08009764                SPI3_IRQHandler
                0x08009764                DMA1_Stream4_IRQHandler
                0x08009764                I2C1_ER_IRQHandler
                0x08009764                FMC_IRQHandler
                0x08009764                DMA2_Stream6_IRQHandler
                0x08009764                SAI1_IRQHandler
                0x08009764                DMA1_Stream3_IRQHandler
 *fill*         0x08009766        0x2 
 .text.Reset_Handler
                0x08009768       0x4c CORE/libCORE_LIB.a(stratup.c.obj)
                0x08009768                Reset_Handler
 .text.SetSysClock
                0x080097b4       0xec CORE/libCORE_LIB.a(system_stm32f4xx.c.obj)
 .text.SystemInit
                0x080098a0       0x50 CORE/libCORE_LIB.a(system_stm32f4xx.c.obj)
                0x080098a0                SystemInit
 .text.set_int_enable
                0x080098f0       0x98 HARDWARE/libHARDWARE_LIB.a(inv_mpu.c.obj)
 .text.mpu_reset_fifo
                0x08009988      0x1f8 HARDWARE/libHARDWARE_LIB.a(inv_mpu.c.obj)
                0x08009988                mpu_reset_fifo
 .text.mpu_set_gyro_fsr
                0x08009b80       0x98 HARDWARE/libHARDWARE_LIB.a(inv_mpu.c.obj)
                0x08009b80                mpu_set_gyro_fsr
 .text.mpu_get_accel_fsr
                0x08009c18       0x44 HARDWARE/libHARDWARE_LIB.a(inv_mpu.c.obj)
                0x08009c18                mpu_get_accel_fsr
 .text.mpu_set_accel_fsr
                0x08009c5c       0x94 HARDWARE/libHARDWARE_LIB.a(inv_mpu.c.obj)
                0x08009c5c                mpu_set_accel_fsr
 .text.mpu_set_lpf
                0x08009cf0       0x94 HARDWARE/libHARDWARE_LIB.a(inv_mpu.c.obj)
                0x08009cf0                mpu_set_lpf
 .text.mpu_configure_fifo
                0x08009d84       0x64 HARDWARE/libHARDWARE_LIB.a(inv_mpu.c.obj)
                0x08009d84                mpu_configure_fifo
 .text.mpu_read_fifo_stream
                0x08009de8       0xc0 HARDWARE/libHARDWARE_LIB.a(inv_mpu.c.obj)
                0x08009de8                mpu_read_fifo_stream
 .text.mpu_set_bypass
                0x08009ea8      0x168 HARDWARE/libHARDWARE_LIB.a(inv_mpu.c.obj)
                0x08009ea8                mpu_set_bypass
 .text.mpu_set_int_latched
                0x0800a010       0x74 HARDWARE/libHARDWARE_LIB.a(inv_mpu.c.obj)
                0x0800a010                mpu_set_int_latched
 .text.mpu_lp_accel_mode
                0x0800a084       0xdc HARDWARE/libHARDWARE_LIB.a(inv_mpu.c.obj)
                0x0800a084                mpu_lp_accel_mode
 .text.mpu_set_sample_rate
                0x0800a160       0xa0 HARDWARE/libHARDWARE_LIB.a(inv_mpu.c.obj)
                0x0800a160                mpu_set_sample_rate
 .text.mpu_set_sensors
                0x0800a200       0xe4 HARDWARE/libHARDWARE_LIB.a(inv_mpu.c.obj)
                0x0800a200                mpu_set_sensors
 .text.mpu_init
                0x0800a2e4      0x1b8 HARDWARE/libHARDWARE_LIB.a(inv_mpu.c.obj)
                0x0800a2e4                mpu_init
 .text.mpu_write_mem
                0x0800a49c       0x74 HARDWARE/libHARDWARE_LIB.a(inv_mpu.c.obj)
                0x0800a49c                mpu_write_mem
 .text.mpu_read_mem
                0x0800a510       0x74 HARDWARE/libHARDWARE_LIB.a(inv_mpu.c.obj)
                0x0800a510                mpu_read_mem
 .text.mpu_load_firmware
                0x0800a584       0xb4 HARDWARE/libHARDWARE_LIB.a(inv_mpu.c.obj)
                0x0800a584                mpu_load_firmware
 .text.mpu_set_dmp_state
                0x0800a638       0x94 HARDWARE/libHARDWARE_LIB.a(inv_mpu.c.obj)
                0x0800a638                mpu_set_dmp_state
 .text.inv_row_2_scale
                0x0800a6cc       0x3a HARDWARE/libHARDWARE_LIB.a(inv_mpu.c.obj)
                0x0800a6cc                inv_row_2_scale
 .text.inv_orientation_matrix_to_scalar
                0x0800a706       0x24 HARDWARE/libHARDWARE_LIB.a(inv_mpu.c.obj)
                0x0800a706                inv_orientation_matrix_to_scalar
 .text.mget_ms  0x0800a72a        0x2 HARDWARE/libHARDWARE_LIB.a(inv_mpu.c.obj)
                0x0800a72a                mget_ms
 .text.mpu_dmp_init
                0x0800a72c       0x98 HARDWARE/libHARDWARE_LIB.a(inv_mpu.c.obj)
                0x0800a72c                mpu_dmp_init
 *fill*         0x0800a7c4        0x4 
 .text.mpu_dmp_get_data
                0x0800a7c8      0x18c HARDWARE/libHARDWARE_LIB.a(inv_mpu.c.obj)
                0x0800a7c8                mpu_dmp_get_data
 .text.decode_gesture
                0x0800a954       0x3c HARDWARE/libHARDWARE_LIB.a(inv_mpu_dmp_motion_driver.c.obj)
 .text.dmp_load_motion_driver_firmware
                0x0800a990       0x18 HARDWARE/libHARDWARE_LIB.a(inv_mpu_dmp_motion_driver.c.obj)
                0x0800a990                dmp_load_motion_driver_firmware
 .text.dmp_set_orientation
                0x0800a9a8      0x14c HARDWARE/libHARDWARE_LIB.a(inv_mpu_dmp_motion_driver.c.obj)
                0x0800a9a8                dmp_set_orientation
 .text.dmp_set_fifo_rate
                0x0800aaf4       0x68 HARDWARE/libHARDWARE_LIB.a(inv_mpu_dmp_motion_driver.c.obj)
                0x0800aaf4                dmp_set_fifo_rate
 .text.dmp_set_tap_thresh
                0x0800ab5c      0x1d4 HARDWARE/libHARDWARE_LIB.a(inv_mpu_dmp_motion_driver.c.obj)
                0x0800ab5c                dmp_set_tap_thresh
 .text.dmp_set_tap_axes
                0x0800ad30       0x4e HARDWARE/libHARDWARE_LIB.a(inv_mpu_dmp_motion_driver.c.obj)
                0x0800ad30                dmp_set_tap_axes
 .text.dmp_set_tap_count
                0x0800ad7e       0x2c HARDWARE/libHARDWARE_LIB.a(inv_mpu_dmp_motion_driver.c.obj)
                0x0800ad7e                dmp_set_tap_count
 *fill*         0x0800adaa        0x2 
 .text.dmp_set_tap_time
                0x0800adac       0x30 HARDWARE/libHARDWARE_LIB.a(inv_mpu_dmp_motion_driver.c.obj)
                0x0800adac                dmp_set_tap_time
 .text.dmp_set_tap_time_multi
                0x0800addc       0x30 HARDWARE/libHARDWARE_LIB.a(inv_mpu_dmp_motion_driver.c.obj)
                0x0800addc                dmp_set_tap_time_multi
 .text.dmp_set_shake_reject_thresh
                0x0800ae0c       0x44 HARDWARE/libHARDWARE_LIB.a(inv_mpu_dmp_motion_driver.c.obj)
                0x0800ae0c                dmp_set_shake_reject_thresh
 .text.dmp_set_shake_reject_time
                0x0800ae50       0x2c HARDWARE/libHARDWARE_LIB.a(inv_mpu_dmp_motion_driver.c.obj)
                0x0800ae50                dmp_set_shake_reject_time
 .text.dmp_set_shake_reject_timeout
                0x0800ae7c       0x2c HARDWARE/libHARDWARE_LIB.a(inv_mpu_dmp_motion_driver.c.obj)
                0x0800ae7c                dmp_set_shake_reject_timeout
 .text.dmp_enable_gyro_cal
                0x0800aea8       0x44 HARDWARE/libHARDWARE_LIB.a(inv_mpu_dmp_motion_driver.c.obj)
                0x0800aea8                dmp_enable_gyro_cal
 .text.dmp_enable_lp_quat
                0x0800aeec       0x3c HARDWARE/libHARDWARE_LIB.a(inv_mpu_dmp_motion_driver.c.obj)
                0x0800aeec                dmp_enable_lp_quat
 .text.dmp_enable_6x_lp_quat
                0x0800af28       0x3c HARDWARE/libHARDWARE_LIB.a(inv_mpu_dmp_motion_driver.c.obj)
                0x0800af28                dmp_enable_6x_lp_quat
 .text.dmp_enable_feature
                0x0800af64      0x218 HARDWARE/libHARDWARE_LIB.a(inv_mpu_dmp_motion_driver.c.obj)
                0x0800af64                dmp_enable_feature
 .text.dmp_read_fifo
                0x0800b17c      0x1ec HARDWARE/libHARDWARE_LIB.a(inv_mpu_dmp_motion_driver.c.obj)
                0x0800b17c                dmp_read_fifo
 .text.OLED_SetCursor
                0x0800b368       0x2e HARDWARE/libHARDWARE_LIB.a(OLED.c.obj)
                0x0800b368                OLED_SetCursor
 *fill*         0x0800b396        0x2 
 .text.OLED_Update
                0x0800b398       0x2c HARDWARE/libHARDWARE_LIB.a(OLED.c.obj)
                0x0800b398                OLED_Update
 .text.OLED_Clear
                0x0800b3c4       0x2c HARDWARE/libHARDWARE_LIB.a(OLED.c.obj)
                0x0800b3c4                OLED_Clear
 .text.OLED_Init
                0x0800b3f0       0xf6 HARDWARE/libHARDWARE_LIB.a(OLED.c.obj)
                0x0800b3f0                OLED_Init
 *fill*         0x0800b4e6        0x2 
 .text.OLED_ClearArea
                0x0800b4e8       0x88 HARDWARE/libHARDWARE_LIB.a(OLED.c.obj)
                0x0800b4e8                OLED_ClearArea
 .text.OLED_ShowImage
                0x0800b570       0xdc HARDWARE/libHARDWARE_LIB.a(OLED.c.obj)
                0x0800b570                OLED_ShowImage
 .text.OLED_ShowChar
                0x0800b64c       0x48 HARDWARE/libHARDWARE_LIB.a(OLED.c.obj)
                0x0800b64c                OLED_ShowChar
 .text.OLED_ShowString
                0x0800b694      0x174 HARDWARE/libHARDWARE_LIB.a(OLED.c.obj)
                0x0800b694                OLED_ShowString
 .text.OLED_Printf
                0x0800b808       0x30 HARDWARE/libHARDWARE_LIB.a(OLED.c.obj)
                0x0800b808                OLED_Printf
 .text.OLED_DrawPoint
                0x0800b838       0x48 HARDWARE/libHARDWARE_LIB.a(OLED.c.obj)
                0x0800b838                OLED_DrawPoint
 .text.OLED_DrawRectangle
                0x0800b880       0x8a HARDWARE/libHARDWARE_LIB.a(OLED.c.obj)
                0x0800b880                OLED_DrawRectangle
 *fill*         0x0800b90a        0x2 
 .text.SDRAM_Send_Cmd
                0x0800b90c       0x38 HARDWARE/libHARDWARE_LIB.a(sdram.c.obj)
                0x0800b90c                SDRAM_Send_Cmd
 .text.SDRAM_Init
                0x0800b944      0x2b0 HARDWARE/libHARDWARE_LIB.a(sdram.c.obj)
                0x0800b944                SDRAM_Init
 .text.Project_BSP_ADC_Init
                0x0800bbf4       0x80 Project/libProject_LIB.a(adc.c.obj)
                0x0800bbf4                Project_BSP_ADC_Init
 *fill*         0x0800bc74        0x4 
 .text.Project_BSP_GetADC
                0x0800bc78       0xb4 Project/libProject_LIB.a(adc.c.obj)
                0x0800bc78                Project_BSP_GetADC
 .text.ADC_Init
                0x0800bd2c       0x54 Project/libProject_LIB.a(stm32f4xx_adc.c.obj)
                0x0800bd2c                ADC_Init
 .text.ADC_CommonInit
                0x0800bd80       0x2c Project/libProject_LIB.a(stm32f4xx_adc.c.obj)
                0x0800bd80                ADC_CommonInit
 .text.ADC_Cmd  0x0800bdac       0x16 Project/libProject_LIB.a(stm32f4xx_adc.c.obj)
                0x0800bdac                ADC_Cmd
 .text.ADC_RegularChannelConfig
                0x0800bdc2       0x98 Project/libProject_LIB.a(stm32f4xx_adc.c.obj)
                0x0800bdc2                ADC_RegularChannelConfig
 .text.ADC_SoftwareStartConv
                0x0800be5a        0xa Project/libProject_LIB.a(stm32f4xx_adc.c.obj)
                0x0800be5a                ADC_SoftwareStartConv
 .text.ADC_GetConversionValue
                0x0800be64        0x6 Project/libProject_LIB.a(stm32f4xx_adc.c.obj)
                0x0800be64                ADC_GetConversionValue
 *fill*         0x0800be6a        0x2 
 .text.Project_BSP_HW201_Init
                0x0800be6c       0x1c Project/libProject_LIB.a(hw201.c.obj)
                0x0800be6c                Project_BSP_HW201_Init
 .text.Project_BSP_HW201_Get
                0x0800be88       0x10 Project/libProject_LIB.a(hw201.c.obj)
                0x0800be88                Project_BSP_HW201_Get
 .text.Project_BSP_KEY_Init
                0x0800be98       0x50 Project/libProject_LIB.a(key.c.obj)
                0x0800be98                Project_BSP_KEY_Init
 .text.Project_BSP_GetKey
                0x0800bee8       0x3c Project/libProject_LIB.a(key.c.obj)
                0x0800bee8                Project_BSP_GetKey
 .text.Project_BSP_LED_ON
                0x0800bf24       0x24 Project/libProject_LIB.a(led.c.obj)
                0x0800bf24                Project_BSP_LED_ON
 .text.Project_BSP_LED_OFF
                0x0800bf48       0x24 Project/libProject_LIB.a(led.c.obj)
                0x0800bf48                Project_BSP_LED_OFF
 .text.Project_BSP_LED_Init
                0x0800bf6c       0x44 Project/libProject_LIB.a(led.c.obj)
                0x0800bf6c                Project_BSP_LED_Init
 .text.Project_BSP_Buzzer_Init
                0x0800bfb0       0x3c Project/libProject_LIB.a(led.c.obj)
                0x0800bfb0                Project_BSP_Buzzer_Init
 .text.Project_BSP_Buzzer_ON
                0x0800bfec       0x14 Project/libProject_LIB.a(led.c.obj)
                0x0800bfec                Project_BSP_Buzzer_ON
 .text.Project_BSP_Buzzer_OFF
                0x0800c000       0x14 Project/libProject_LIB.a(led.c.obj)
                0x0800c000                Project_BSP_Buzzer_OFF
 .text.Project_BSP_PWM_TIM2_Init
                0x0800c014       0x9c Project/libProject_LIB.a(pwm.c.obj)
                0x0800c014                Project_BSP_PWM_TIM2_Init
 .text.Project_BSP_Encoding_Init
                0x0800c0b0       0xdc Project/libProject_LIB.a(pwm.c.obj)
                0x0800c0b0                Project_BSP_Encoding_Init
 .text.TIM_TimeBaseInit
                0x0800c18c       0x7c Project/libProject_LIB.a(stm32f4xx_tim.c.obj)
                0x0800c18c                TIM_TimeBaseInit
 .text.TIM_Cmd  0x0800c208       0x1c Project/libProject_LIB.a(stm32f4xx_tim.c.obj)
                0x0800c208                TIM_Cmd
 .text.TIM_OC1Init
                0x0800c224       0x7c Project/libProject_LIB.a(stm32f4xx_tim.c.obj)
                0x0800c224                TIM_OC1Init
 .text.TIM_OC2Init
                0x0800c2a0       0x98 Project/libProject_LIB.a(stm32f4xx_tim.c.obj)
                0x0800c2a0                TIM_OC2Init
 .text.TIM_CtrlPWMOutputs
                0x0800c338       0x24 Project/libProject_LIB.a(stm32f4xx_tim.c.obj)
                0x0800c338                TIM_CtrlPWMOutputs
 .text.TIM_ITConfig
                0x0800c35c       0x18 Project/libProject_LIB.a(stm32f4xx_tim.c.obj)
                0x0800c35c                TIM_ITConfig
 .text.TIM_ClearFlag
                0x0800c374        0x8 Project/libProject_LIB.a(stm32f4xx_tim.c.obj)
                0x0800c374                TIM_ClearFlag
 .text.TIM_GetITStatus
                0x0800c37c       0x18 Project/libProject_LIB.a(stm32f4xx_tim.c.obj)
                0x0800c37c                TIM_GetITStatus
 .text.TIM_ClearITPendingBit
                0x0800c394        0x8 Project/libProject_LIB.a(stm32f4xx_tim.c.obj)
                0x0800c394                TIM_ClearITPendingBit
 .text.TIM_EncoderInterfaceConfig
                0x0800c39c       0x46 Project/libProject_LIB.a(stm32f4xx_tim.c.obj)
                0x0800c39c                TIM_EncoderInterfaceConfig
 *fill*         0x0800c3e2        0x2 
 .text.Project_BSP_TB6612_Init
                0x0800c3e4       0x54 Project/libProject_LIB.a(tb6612_port.c.obj)
                0x0800c3e4                Project_BSP_TB6612_Init
 .text.Project_LIB_ControlStrat
                0x0800c438       0x14 Project/libProject_LIB.a(ControlTask.c.obj)
                0x0800c438                Project_LIB_ControlStrat
 .text.Project_LIB_TIM3_Init
                0x0800c44c       0x58 Project/libProject_LIB.a(tools.c.obj)
                0x0800c44c                Project_LIB_TIM3_Init
 .text.Data_Save_from_Camer
                0x0800c4a4       0xa0 Project/libProject_LIB.a(tools.c.obj)
                0x0800c4a4                Data_Save_from_Camer
 .text.prvResetNextTaskUnblockTime
                0x0800c544       0x28 RTOS/libRTOS_LIB.a(tasks.c.obj)
 .text.prvDeleteTCB
                0x0800c56c       0x12 RTOS/libRTOS_LIB.a(tasks.c.obj)
 .text.prvInitialiseNewTask
                0x0800c57e       0x90 RTOS/libRTOS_LIB.a(tasks.c.obj)
 *fill*         0x0800c60e        0x2 
 .text.prvInitialiseTaskLists
                0x0800c610       0x68 RTOS/libRTOS_LIB.a(tasks.c.obj)
 .text.prvAddNewTaskToReadyList
                0x0800c678       0xc4 RTOS/libRTOS_LIB.a(tasks.c.obj)
 .text.prvCheckTasksWaitingTermination
                0x0800c73c       0x4c RTOS/libRTOS_LIB.a(tasks.c.obj)
 .text.prvIdleTask
                0x0800c788       0x28 RTOS/libRTOS_LIB.a(tasks.c.obj)
 .text.prvAddCurrentTaskToDelayedList
                0x0800c7b0       0xb0 RTOS/libRTOS_LIB.a(tasks.c.obj)
 .text.xTaskCreate
                0x0800c860       0x68 RTOS/libRTOS_LIB.a(tasks.c.obj)
                0x0800c860                xTaskCreate
 .text.vTaskStartScheduler
                0x0800c8c8       0x74 RTOS/libRTOS_LIB.a(tasks.c.obj)
                0x0800c8c8                vTaskStartScheduler
 .text.vTaskSuspendAll
                0x0800c93c       0x10 RTOS/libRTOS_LIB.a(tasks.c.obj)
                0x0800c93c                vTaskSuspendAll
 .text.xTaskGetTickCount
                0x0800c94c        0xc RTOS/libRTOS_LIB.a(tasks.c.obj)
                0x0800c94c                xTaskGetTickCount
 .text.uxTaskGetNumberOfTasks
                0x0800c958        0xc RTOS/libRTOS_LIB.a(tasks.c.obj)
                0x0800c958                uxTaskGetNumberOfTasks
 .text.xTaskIncrementTick
                0x0800c964      0x164 RTOS/libRTOS_LIB.a(tasks.c.obj)
                0x0800c964                xTaskIncrementTick
 .text.xTaskResumeAll
                0x0800cac8      0x138 RTOS/libRTOS_LIB.a(tasks.c.obj)
                0x0800cac8                xTaskResumeAll
 .text.xTaskDelayUntil
                0x0800cc00       0x74 RTOS/libRTOS_LIB.a(tasks.c.obj)
                0x0800cc00                xTaskDelayUntil
 .text.vTaskSwitchContext
                0x0800cc74       0x80 RTOS/libRTOS_LIB.a(tasks.c.obj)
                0x0800cc74                vTaskSwitchContext
 .text.vTaskPlaceOnEventList
                0x0800ccf4       0x1c RTOS/libRTOS_LIB.a(tasks.c.obj)
                0x0800ccf4                vTaskPlaceOnEventList
 .text.vTaskPlaceOnEventListRestricted
                0x0800cd10       0x3c RTOS/libRTOS_LIB.a(tasks.c.obj)
                0x0800cd10                vTaskPlaceOnEventListRestricted
 .text.xTaskRemoveFromEventList
                0x0800cd4c       0xdc RTOS/libRTOS_LIB.a(tasks.c.obj)
                0x0800cd4c                xTaskRemoveFromEventList
 .text.vTaskInternalSetTimeOutState
                0x0800ce28       0x18 RTOS/libRTOS_LIB.a(tasks.c.obj)
                0x0800ce28                vTaskInternalSetTimeOutState
 .text.xTaskCheckForTimeOut
                0x0800ce40       0x60 RTOS/libRTOS_LIB.a(tasks.c.obj)
                0x0800ce40                xTaskCheckForTimeOut
 .text.vTaskMissedYield
                0x0800cea0        0xc RTOS/libRTOS_LIB.a(tasks.c.obj)
                0x0800cea0                vTaskMissedYield
 .text.xTaskGetSchedulerState
                0x0800ceac       0x20 RTOS/libRTOS_LIB.a(tasks.c.obj)
                0x0800ceac                xTaskGetSchedulerState
 .text.xTaskPriorityDisinherit
                0x0800cecc       0x94 RTOS/libRTOS_LIB.a(tasks.c.obj)
                0x0800cecc                xTaskPriorityDisinherit
 .text.prvGetNextExpireTime
                0x0800cf60       0x20 RTOS/libRTOS_LIB.a(timers.c.obj)
 .text.prvInsertTimerInActiveList
                0x0800cf80       0x48 RTOS/libRTOS_LIB.a(timers.c.obj)
 .text.prvReloadTimer
                0x0800cfc8       0x28 RTOS/libRTOS_LIB.a(timers.c.obj)
 .text.prvProcessExpiredTimer
                0x0800cff0       0x40 RTOS/libRTOS_LIB.a(timers.c.obj)
 .text.prvSwitchTimerLists
                0x0800d030       0x30 RTOS/libRTOS_LIB.a(timers.c.obj)
 .text.prvSampleTimeNow
                0x0800d060       0x2c RTOS/libRTOS_LIB.a(timers.c.obj)
 .text.prvProcessTimerOrBlockTask
                0x0800d08c       0x74 RTOS/libRTOS_LIB.a(timers.c.obj)
 .text.prvProcessReceivedCommands
                0x0800d100       0xf0 RTOS/libRTOS_LIB.a(timers.c.obj)
 .text.prvTimerTask
                0x0800d1f0       0x16 RTOS/libRTOS_LIB.a(timers.c.obj)
 *fill*         0x0800d206        0x2 
 .text.prvCheckForValidListAndQueue
                0x0800d208       0x5c RTOS/libRTOS_LIB.a(timers.c.obj)
 .text.xTimerCreateTimerTask
                0x0800d264       0x40 RTOS/libRTOS_LIB.a(timers.c.obj)
                0x0800d264                xTimerCreateTimerTask
 .text.prvHeapInit
                0x0800d2a4       0x58 RTOS/libRTOS_LIB.a(heap_4.c.obj)
 .text.prvInsertBlockIntoFreeList
                0x0800d2fc       0x64 RTOS/libRTOS_LIB.a(heap_4.c.obj)
 .text.pvPortMalloc
                0x0800d360       0xc4 RTOS/libRTOS_LIB.a(heap_4.c.obj)
                0x0800d360                pvPortMalloc
 .text.vPortFree
                0x0800d424       0x54 RTOS/libRTOS_LIB.a(heap_4.c.obj)
                0x0800d424                vPortFree
 .text.prvTaskExitError
                0x0800d478       0x20 RTOS/libRTOS_LIB.a(port.c.obj)
 .text.prvPortStartFirstTask
                0x0800d498       0x28 RTOS/libRTOS_LIB.a(port.c.obj)
 .text.vPortEnableVFP
                0x0800d4c0       0x14 RTOS/libRTOS_LIB.a(port.c.obj)
 .text.pxPortInitialiseStack
                0x0800d4d4       0x2c RTOS/libRTOS_LIB.a(port.c.obj)
                0x0800d4d4                pxPortInitialiseStack
 .text.SVC_Handler
                0x0800d500       0x24 RTOS/libRTOS_LIB.a(port.c.obj)
                0x0800d500                SVC_Handler
 .text.vPortEnterCritical
                0x0800d524       0x2c RTOS/libRTOS_LIB.a(port.c.obj)
                0x0800d524                vPortEnterCritical
 .text.vPortExitCritical
                0x0800d550       0x14 RTOS/libRTOS_LIB.a(port.c.obj)
                0x0800d550                vPortExitCritical
 *fill*         0x0800d564        0xc 
 .text.PendSV_Handler
                0x0800d570       0x64 RTOS/libRTOS_LIB.a(port.c.obj)
                0x0800d570                PendSV_Handler
 .text.SysTick_Handler
                0x0800d5d4       0x2c RTOS/libRTOS_LIB.a(port.c.obj)
                0x0800d5d4                SysTick_Handler
 .text.vPortSetupTimerInterrupt
                0x0800d600       0x28 RTOS/libRTOS_LIB.a(port.c.obj)
                0x0800d600                vPortSetupTimerInterrupt
 .text.xPortStartScheduler
                0x0800d628       0xc4 RTOS/libRTOS_LIB.a(port.c.obj)
                0x0800d628                xPortStartScheduler
 .text.vListInitialise
                0x0800d6ec       0x16 RTOS/libRTOS_LIB.a(list.c.obj)
                0x0800d6ec                vListInitialise
 .text.vListInitialiseItem
                0x0800d702        0x6 RTOS/libRTOS_LIB.a(list.c.obj)
                0x0800d702                vListInitialiseItem
 .text.vListInsert
                0x0800d708       0x32 RTOS/libRTOS_LIB.a(list.c.obj)
                0x0800d708                vListInsert
 .text.uxListRemove
                0x0800d73a       0x26 RTOS/libRTOS_LIB.a(list.c.obj)
                0x0800d73a                uxListRemove
 .text.prvIsQueueEmpty
                0x0800d760       0x1a RTOS/libRTOS_LIB.a(queue.c.obj)
 .text.prvCopyDataToQueue
                0x0800d77a       0x76 RTOS/libRTOS_LIB.a(queue.c.obj)
 .text.prvCopyDataFromQueue
                0x0800d7f0       0x24 RTOS/libRTOS_LIB.a(queue.c.obj)
 .text.prvNotifyQueueSetContainer
                0x0800d814       0x5a RTOS/libRTOS_LIB.a(queue.c.obj)
 .text.prvUnlockQueue
                0x0800d86e       0x82 RTOS/libRTOS_LIB.a(queue.c.obj)
 .text.xQueueGenericReset
                0x0800d8f0       0x96 RTOS/libRTOS_LIB.a(queue.c.obj)
                0x0800d8f0                xQueueGenericReset
 .text.prvInitialiseNewQueue
                0x0800d986       0x20 RTOS/libRTOS_LIB.a(queue.c.obj)
 .text.xQueueGenericCreate
                0x0800d9a6       0x50 RTOS/libRTOS_LIB.a(queue.c.obj)
                0x0800d9a6                xQueueGenericCreate
 .text.xQueueReceive
                0x0800d9f6      0x114 RTOS/libRTOS_LIB.a(queue.c.obj)
                0x0800d9f6                xQueueReceive
 *fill*         0x0800db0a        0x2 
 .text.vQueueAddToRegistry
                0x0800db0c       0x50 RTOS/libRTOS_LIB.a(queue.c.obj)
                0x0800db0c                vQueueAddToRegistry
 .text.vQueueWaitForMessageRestricted
                0x0800db5c       0x52 RTOS/libRTOS_LIB.a(queue.c.obj)
                0x0800db5c                vQueueWaitForMessageRestricted
 .text.Task4_LEDPlay
                0x0800dbae       0x62 USER/libUSER_LIB.a(RTOSTask.c.obj)
                0x0800dbae                Task4_LEDPlay
 .text.Task3_Project_Display
                0x0800dc10      0x1b4 USER/libUSER_LIB.a(RTOSTask.c.obj)
                0x0800dc10                Task3_Project_Display
 .text.Task5_KeyScan
                0x0800ddc4       0x5c USER/libUSER_LIB.a(RTOSTask.c.obj)
                0x0800ddc4                Task5_KeyScan
 .text.delay_us
                0x0800de20       0x30 BSP/i2c/libi2c_LIB.a(softi2c.c.obj)
                0x0800de20                delay_us
 .text.Soft_IIC_Init
                0x0800de50       0x48 BSP/i2c/libi2c_LIB.a(softi2c.c.obj)
                0x0800de50                Soft_IIC_Init
 .text.Soft_IIC_Start
                0x0800de98       0x38 BSP/i2c/libi2c_LIB.a(softi2c.c.obj)
                0x0800de98                Soft_IIC_Start
 .text.Soft_IIC_Stop
                0x0800ded0       0x34 BSP/i2c/libi2c_LIB.a(softi2c.c.obj)
                0x0800ded0                Soft_IIC_Stop
 .text.Soft_IIC_Wait_Ack
                0x0800df04       0x54 BSP/i2c/libi2c_LIB.a(softi2c.c.obj)
                0x0800df04                Soft_IIC_Wait_Ack
 .text.Soft_IIC_Ack
                0x0800df58       0x3c BSP/i2c/libi2c_LIB.a(softi2c.c.obj)
                0x0800df58                Soft_IIC_Ack
 .text.Soft_IIC_NAck
                0x0800df94       0x3c BSP/i2c/libi2c_LIB.a(softi2c.c.obj)
                0x0800df94                Soft_IIC_NAck
 .text.Soft_IIC_Send_Byte
                0x0800dfd0       0x54 BSP/i2c/libi2c_LIB.a(softi2c.c.obj)
                0x0800dfd0                Soft_IIC_Send_Byte
 .text.Soft_IIC_Receive_Byte
                0x0800e024       0x60 BSP/i2c/libi2c_LIB.a(softi2c.c.obj)
                0x0800e024                Soft_IIC_Receive_Byte
 .text.Soft_IIC_Write_Byte
                0x0800e084       0x48 BSP/i2c/libi2c_LIB.a(softi2c.c.obj)
                0x0800e084                Soft_IIC_Write_Byte
 .text.Soft_IIC_Write_Len
                0x0800e0cc       0x5e BSP/i2c/libi2c_LIB.a(softi2c.c.obj)
                0x0800e0cc                Soft_IIC_Write_Len
 *fill*         0x0800e12a        0x2 
 .text.Soft_IIC_Read_Len
                0x0800e12c       0x70 BSP/i2c/libi2c_LIB.a(softi2c.c.obj)
                0x0800e12c                Soft_IIC_Read_Len
 .text.startup  0x0800e19c       0x14 /usr/lib/gcc/arm-none-eabi/13.2.1/../../../arm-none-eabi/lib/thumb/v7e-m+fp/hard/libg.a(libc_a-__call_atexit.o)
 *(.glue_7)
 .glue_7        0x0800e1b0        0x0 linker stubs
 *(.glue_7t)
 .glue_7t       0x0800e1b0        0x0 linker stubs
 *(.eh_frame)
 .eh_frame      0x0800e1b0        0x0 /usr/lib/gcc/arm-none-eabi/13.2.1/thumb/v7e-m+fp/hard/crtbegin.o
 *(.init)
 .init          0x0800e1b0        0x4 /usr/lib/gcc/arm-none-eabi/13.2.1/thumb/v7e-m+fp/hard/crti.o
                0x0800e1b0                _init
 .init          0x0800e1b4        0x8 /usr/lib/gcc/arm-none-eabi/13.2.1/thumb/v7e-m+fp/hard/crtn.o
 *(.fini)
 .fini          0x0800e1bc        0x4 /usr/lib/gcc/arm-none-eabi/13.2.1/thumb/v7e-m+fp/hard/crti.o
                0x0800e1bc                _fini
 .fini          0x0800e1c0        0x8 /usr/lib/gcc/arm-none-eabi/13.2.1/thumb/v7e-m+fp/hard/crtn.o
                0x0800e1c8                        . = ALIGN (0x4)
                0x0800e1c8                        _etext = .

.vfp11_veneer   0x0800e1c8        0x0
 .vfp11_veneer  0x0800e1c8        0x0 linker stubs

.v4_bx          0x0800e1c8        0x0
 .v4_bx         0x0800e1c8        0x0 linker stubs

.iplt           0x0800e1c8        0x0
 .iplt          0x0800e1c8        0x0 /usr/lib/gcc/arm-none-eabi/13.2.1/thumb/v7e-m+fp/hard/crtbegin.o

.rodata         0x0800e1c8     0x1bd4
                0x0800e1c8                        . = ALIGN (0x4)
 *(.rodata)
 .rodata        0x0800e1c8       0x20 /usr/lib/gcc/arm-none-eabi/13.2.1/../../../arm-none-eabi/lib/thumb/v7e-m+fp/hard/libg.a(libc_a-vfprintf.o)
 .rodata        0x0800e1e8       0x20 /usr/lib/gcc/arm-none-eabi/13.2.1/../../../arm-none-eabi/lib/thumb/v7e-m+fp/hard/libg.a(libc_a-svfprintf.o)
 .rodata        0x0800e208      0x128 /usr/lib/gcc/arm-none-eabi/13.2.1/../../../arm-none-eabi/lib/thumb/v7e-m+fp/hard/libg.a(libc_a-mprec.o)
                0x0800e218                __mprec_tens
                0x0800e2e0                __mprec_tinytens
                0x0800e308                __mprec_bigtens
 .rodata        0x0800e330      0x101 /usr/lib/gcc/arm-none-eabi/13.2.1/../../../arm-none-eabi/lib/thumb/v7e-m+fp/hard/libg.a(libc_a-ctype_.o)
                0x0800e330                _ctype_
 *fill*         0x0800e431        0x3 
 .rodata        0x0800e434       0x20 /usr/lib/gcc/arm-none-eabi/13.2.1/../../../arm-none-eabi/lib/thumb/v7e-m+fp/hard/libg.a(libc_a-vfiprintf.o)
 *fill*         0x0800e454        0x4 
 .rodata        0x0800e458       0x30 /usr/lib/gcc/arm-none-eabi/13.2.1/../../../arm-none-eabi/lib/thumb/v7e-m+fp/hard/libm.a(libm_a-e_atan2.o)
 .rodata        0x0800e488       0x40 /usr/lib/gcc/arm-none-eabi/13.2.1/../../../arm-none-eabi/lib/thumb/v7e-m+fp/hard/libm.a(libm_a-s_atan.o)
 .rodata        0x0800e4c8       0x10 /usr/lib/gcc/arm-none-eabi/13.2.1/../../../arm-none-eabi/lib/thumb/v7e-m+fp/hard/libm.a(libm_a-e_sqrt.o)
 *(.rodata*)
 .rodata.main.str1.4
                0x0800e4d8      0x346 CMakeFiles/SMC.elf.dir/USER/main.c.obj
                                 0x2e (size before relaxing)
 .rodata.BSP_Init.str1.4
                0x0800e81e       0xa7 CMakeFiles/SMC.elf.dir/USER/main.c.obj
 .rodata.mpu_init.str1.4
                0x0800e81e       0x91 HARDWARE/libHARDWARE_LIB.a(inv_mpu.c.obj)
 *fill*         0x0800e81e        0x2 
 .rodata.test   0x0800e820       0x28 HARDWARE/libHARDWARE_LIB.a(inv_mpu.c.obj)
                0x0800e820                test
 .rodata.hw     0x0800e848        0xc HARDWARE/libHARDWARE_LIB.a(inv_mpu.c.obj)
                0x0800e848                hw
 .rodata.reg    0x0800e854       0x1b HARDWARE/libHARDWARE_LIB.a(inv_mpu.c.obj)
                0x0800e854                reg
 .rodata.dmp_set_orientation.str1.4
                0x0800e86f       0x10 HARDWARE/libHARDWARE_LIB.a(inv_mpu_dmp_motion_driver.c.obj)
 .rodata.dmp_set_fifo_rate.str1.4
                0x0800e86f        0xd HARDWARE/libHARDWARE_LIB.a(inv_mpu_dmp_motion_driver.c.obj)
 .rodata.dmp_enable_gyro_cal.str1.4
                0x0800e86f       0x16 HARDWARE/libHARDWARE_LIB.a(inv_mpu_dmp_motion_driver.c.obj)
 *fill*         0x0800e86f        0x1 
 .rodata.dmp_memory
                0x0800e870      0xbf6 HARDWARE/libHARDWARE_LIB.a(inv_mpu_dmp_motion_driver.c.obj)
 *fill*         0x0800f466        0x2 
 .rodata.OLED_CF16x16
                0x0800f468      0x103 HARDWARE/libHARDWARE_LIB.a(OLED_Data.c.obj)
                0x0800f468                OLED_CF16x16
 *fill*         0x0800f56b        0x1 
 .rodata.OLED_F6x8
                0x0800f56c      0x23a HARDWARE/libHARDWARE_LIB.a(OLED_Data.c.obj)
                0x0800f56c                OLED_F6x8
 *fill*         0x0800f7a6        0x2 
 .rodata.OLED_F8x16
                0x0800f7a8      0x5f0 HARDWARE/libHARDWARE_LIB.a(OLED_Data.c.obj)
                0x0800f7a8                OLED_F8x16
 .rodata.Project_LIB_ControlStrat.str1.4
                0x0800fd98        0x4 Project/libProject_LIB.a(ControlTask.c.obj)
 .rodata.Data_Save_from_Camer.str1.4
                0x0800fd98       0x13 Project/libProject_LIB.a(tools.c.obj)
 .rodata.vTaskStartScheduler.str1.4
                0x0800fd98        0x5 RTOS/libRTOS_LIB.a(tasks.c.obj)
 .rodata.uxTopUsedPriority
                0x0800fd98        0x4 RTOS/libRTOS_LIB.a(tasks.c.obj)
                0x0800fd98                uxTopUsedPriority
 .rodata.prvCheckForValidListAndQueue.str1.4
                0x0800fd9c        0x5 RTOS/libRTOS_LIB.a(timers.c.obj)
 .rodata.xTimerCreateTimerTask.str1.4
                0x0800fd9c        0x8 RTOS/libRTOS_LIB.a(timers.c.obj)
 .rodata.Task3_Project_Display.str1.4
                0x0800fd9c       0x3a USER/libUSER_LIB.a(RTOSTask.c.obj)
 .rodata.Task5_KeyScan.str1.4
                0x0800fd9c       0x10 USER/libUSER_LIB.a(RTOSTask.c.obj)
 .rodata.Soft_IIC_Read_Len.str1.4
                0x0800fd9c       0x14 BSP/i2c/libi2c_LIB.a(softi2c.c.obj)
 .rodata.str1.4
                0x0800fd9c        0x2 /usr/lib/gcc/arm-none-eabi/13.2.1/../../../arm-none-eabi/lib/thumb/v7e-m+fp/hard/libg.a(libc_a-puts.o)
 .rodata.str1.4
                0x0800fd9c       0x42 /usr/lib/gcc/arm-none-eabi/13.2.1/../../../arm-none-eabi/lib/thumb/v7e-m+fp/hard/libg.a(libc_a-vfprintf.o)
 .rodata.str1.4
                0x0800fd9c       0x42 /usr/lib/gcc/arm-none-eabi/13.2.1/../../../arm-none-eabi/lib/thumb/v7e-m+fp/hard/libg.a(libc_a-svfprintf.o)
 .rodata.str1.4
                0x0800fd9c       0x54 /usr/lib/gcc/arm-none-eabi/13.2.1/../../../arm-none-eabi/lib/thumb/v7e-m+fp/hard/libg.a(libc_a-dtoa.o)
 .rodata.str1.4
                0x0800fd9c       0x43 /usr/lib/gcc/arm-none-eabi/13.2.1/../../../arm-none-eabi/lib/thumb/v7e-m+fp/hard/libg.a(libc_a-assert.o)
 .rodata.str1.4
                0x0800fd9c       0x41 /usr/lib/gcc/arm-none-eabi/13.2.1/../../../arm-none-eabi/lib/thumb/v7e-m+fp/hard/libg.a(libc_a-mprec.o)
 .rodata.str1.4
                0x0800fd9c       0x12 /usr/lib/gcc/arm-none-eabi/13.2.1/../../../arm-none-eabi/lib/thumb/v7e-m+fp/hard/libg.a(libc_a-locale.o)
 .rodata.str1.4
                0x0800fd9c       0x2f /usr/lib/gcc/arm-none-eabi/13.2.1/../../../arm-none-eabi/lib/thumb/v7e-m+fp/hard/libg.a(libc_a-vfiprintf.o)
 .rodata.str1.4
                0x0800fd9c        0x1 /usr/lib/gcc/arm-none-eabi/13.2.1/../../../arm-none-eabi/lib/thumb/v7e-m+fp/hard/libm.a(libm_a-w_asin.o)
                0x0800fdf0                        . = ALIGN (0x4)

.ARM.extab
 *(.ARM.extab* .gnu.linkonce.armextab.*)

.ARM            0x0800fd9c        0x8
                0x0800fd9c                        __exidx_start = .
 *(.ARM.exidx*)
 .ARM.exidx     0x0800fd9c        0x8 /usr/lib/gcc/arm-none-eabi/13.2.1/../../../arm-none-eabi/lib/thumb/v7e-m+fp/hard/libg.a(libc_a-strcmp.o)
 .ARM.exidx     0x0800fda4        0x0 /usr/lib/gcc/arm-none-eabi/13.2.1/../../../arm-none-eabi/lib/thumb/v7e-m+fp/hard/libg.a(libc_a-memcpy.o)
                                  0x8 (size before relaxing)
 .ARM.exidx     0x0800fda4        0x0 /usr/lib/gcc/arm-none-eabi/13.2.1/../../../arm-none-eabi/lib/thumb/v7e-m+fp/hard/libg.a(libc_a-strlen.o)
                                  0x8 (size before relaxing)
 .ARM.exidx     0x0800fda4        0x0 /usr/lib/gcc/arm-none-eabi/13.2.1/../../../arm-none-eabi/lib/thumb/v7e-m+fp/hard/libg.a(libc_a-memchr.o)
                                  0x8 (size before relaxing)
                0x0800fda4                        __exidx_end = .

.rel.dyn        0x0800fda4        0x0
 .rel.iplt      0x0800fda4        0x0 /usr/lib/gcc/arm-none-eabi/13.2.1/thumb/v7e-m+fp/hard/crtbegin.o

.preinit_array  0x0800fda4        0x0
                0x0800fda4                        PROVIDE (__preinit_array_start = .)
 *(.preinit_array*)
                0x0800fda4                        PROVIDE (__preinit_array_end = .)

.init_array     0x0800fda4        0x8
                0x0800fda4                        PROVIDE (__init_array_start = .)
 *(SORT_BY_NAME(.init_array.*))
 .init_array.00000
                0x0800fda4        0x4 /usr/lib/gcc/arm-none-eabi/13.2.1/../../../arm-none-eabi/lib/thumb/v7e-m+fp/hard/libg.a(libc_a-__call_atexit.o)
 *(.init_array*)
 .init_array    0x0800fda8        0x4 /usr/lib/gcc/arm-none-eabi/13.2.1/thumb/v7e-m+fp/hard/crtbegin.o
                0x0800fdac                        PROVIDE (__init_array_end = .)

.fini_array     0x0800fdac        0x4
                0x0800fdac                        PROVIDE (__fini_array_start = .)
 *(SORT_BY_NAME(.fini_array.*))
 *(.fini_array*)
 .fini_array    0x0800fdac        0x4 /usr/lib/gcc/arm-none-eabi/13.2.1/thumb/v7e-m+fp/hard/crtbegin.o
                0x0800fdb0                        PROVIDE (__fini_array_end = .)
                0x0800fdb0                        _sidata = LOADADDR (.data)

.data           0x20000000      0x6f8 load address 0x0800fdb0
                0x20000000                        . = ALIGN (0x4)
                0x20000000                        _sdata = .
 *(.data)
 .data          0x20000000      0x128 /usr/lib/gcc/arm-none-eabi/13.2.1/../../../arm-none-eabi/lib/thumb/v7e-m+fp/hard/libg.a(libc_a-impure.o)
                0x20000000                _impure_ptr
                0x20000008                _impure_data
 .data          0x20000128        0xc /usr/lib/gcc/arm-none-eabi/13.2.1/../../../arm-none-eabi/lib/thumb/v7e-m+fp/hard/libg.a(libc_a-findfp.o)
                0x20000128                __sglue
 *fill*         0x20000134        0x4 
 .data          0x20000138      0x410 /usr/lib/gcc/arm-none-eabi/13.2.1/../../../arm-none-eabi/lib/thumb/v7e-m+fp/hard/libg.a(libc_a-mallocr.o)
                0x20000138                __malloc_av_
                0x20000540                __malloc_sbrk_base
                0x20000544                __malloc_trim_threshold
 .data          0x20000548      0x16c /usr/lib/gcc/arm-none-eabi/13.2.1/../../../arm-none-eabi/lib/thumb/v7e-m+fp/hard/libg.a(libc_a-locale.o)
                0x20000548                __global_locale
 *(.data*)
 .data.SystemCoreClock
                0x200006b4        0x4 CORE/libCORE_LIB.a(system_stm32f4xx.c.obj)
                0x200006b4                SystemCoreClock
 .data.gyro_orientation
                0x200006b8        0x9 HARDWARE/libHARDWARE_LIB.a(inv_mpu.c.obj)
 *fill*         0x200006c1        0x3 
 .data.st       0x200006c4       0x2c HARDWARE/libHARDWARE_LIB.a(inv_mpu.c.obj)
 .data.MotorStrat_1
                0x200006f0        0x1 Project/libProject_LIB.a(tools.c.obj)
                0x200006f0                MotorStrat_1
 *fill*         0x200006f1        0x3 
 .data.uxCriticalNesting
                0x200006f4        0x4 RTOS/libRTOS_LIB.a(port.c.obj)
                0x200006f8                        . = ALIGN (0x4)
                0x200006f8                        _edata = .
                0x080104a8                        _siccmram = LOADADDR (.ccmram)

.tm_clone_table
                0x200006f8        0x0 load address 0x080104a8
 .tm_clone_table
                0x200006f8        0x0 /usr/lib/gcc/arm-none-eabi/13.2.1/thumb/v7e-m+fp/hard/crtbegin.o
 .tm_clone_table
                0x200006f8        0x0 /usr/lib/gcc/arm-none-eabi/13.2.1/thumb/v7e-m+fp/hard/crtend.o

.igot.plt       0x200006f8        0x0 load address 0x080104a8
 .igot.plt      0x200006f8        0x0 /usr/lib/gcc/arm-none-eabi/13.2.1/thumb/v7e-m+fp/hard/crtbegin.o

.ccmram         0x10000000        0x0 load address 0x080104a8
                0x10000000                        . = ALIGN (0x4)
                0x10000000                        _sccmram = .
 *(.ccmram)
 *(.ccmram*)
                0x10000000                        . = ALIGN (0x4)
                0x10000000                        _eccmram = .
                0x10000000                        . = ALIGN (0x4)

.bss            0x200006f8      0xeec
                0x200006f8                        _sbss = .
                0x200006f8                        __bss_start__ = _sbss
 *(.bss)
 .bss           0x200006f8       0x1c /usr/lib/gcc/arm-none-eabi/13.2.1/thumb/v7e-m+fp/hard/crtbegin.o
 .bss           0x20000714      0x13c /usr/lib/gcc/arm-none-eabi/13.2.1/../../../arm-none-eabi/lib/thumb/v7e-m+fp/hard/libg.a(libc_a-findfp.o)
                0x20000714                __sf
                0x2000084c                __stdio_exit_handler
 .bss           0x20000850       0x34 /usr/lib/gcc/arm-none-eabi/13.2.1/../../../arm-none-eabi/lib/thumb/v7e-m+fp/hard/libg.a(libc_a-mallocr.o)
                0x20000850                __malloc_top_pad
                0x20000854                __malloc_current_mallinfo
                0x2000087c                __malloc_max_sbrked_mem
                0x20000880                __malloc_max_total_mem
 .bss           0x20000884        0x4 /usr/lib/gcc/arm-none-eabi/13.2.1/../../../arm-none-eabi/lib/thumb/v7e-m+fp/hard/libg.a(libc_a-__call_atexit.o)
                0x20000884                __atexit
 .bss           0x20000888      0x190 /usr/lib/gcc/arm-none-eabi/13.2.1/../../../arm-none-eabi/lib/thumb/v7e-m+fp/hard/libg.a(libc_a-__atexit.o)
                0x20000888                __atexit0
 .bss           0x20000a18        0x4 /usr/lib/gcc/arm-none-eabi/13.2.1/../../../arm-none-eabi/lib/thumb/v7e-m+fp/hard/libg.a(libc_a-reent.o)
                0x20000a18                errno
 *(.bss*)
 .bss.Task5_KeyScan_Handle
                0x20000a1c        0x4 CMakeFiles/SMC.elf.dir/USER/main.c.obj
                0x20000a1c                Task5_KeyScan_Handle
 .bss.Task4_LEDPlayY_Handle
                0x20000a20        0x4 CMakeFiles/SMC.elf.dir/USER/main.c.obj
                0x20000a20                Task4_LEDPlayY_Handle
 .bss.Task4_LEDPlayR_Handle
                0x20000a24        0x4 CMakeFiles/SMC.elf.dir/USER/main.c.obj
                0x20000a24                Task4_LEDPlayR_Handle
 .bss.Task3_Project_Display_Voltage_Handle
                0x20000a28        0x4 CMakeFiles/SMC.elf.dir/USER/main.c.obj
                0x20000a28                Task3_Project_Display_Voltage_Handle
 .bss.Task3_Project_Display_OpenMV_Handle
                0x20000a2c        0x4 CMakeFiles/SMC.elf.dir/USER/main.c.obj
                0x20000a2c                Task3_Project_Display_OpenMV_Handle
 .bss.UART4_DataBuff
                0x20000a30       0xf0 CMakeFiles/SMC.elf.dir/USER/main.c.obj
                0x20000a30                UART4_DataBuff
 .bss.UART5_DataBuff
                0x20000b20       0xf0 CMakeFiles/SMC.elf.dir/USER/main.c.obj
                0x20000b20                UART5_DataBuff
 .bss.USART3_DataBuff
                0x20000c10       0xf0 CMakeFiles/SMC.elf.dir/USER/main.c.obj
                0x20000c10                USART3_DataBuff
 .bss.USART2_DataBuff
                0x20000d00       0xf0 CMakeFiles/SMC.elf.dir/USER/main.c.obj
                0x20000d00                USART2_DataBuff
 .bss.dmp       0x20000df0       0x10 HARDWARE/libHARDWARE_LIB.a(inv_mpu_dmp_motion_driver.c.obj)
 .bss.OLED_DisplayBuf
                0x20000e00      0x400 HARDWARE/libHARDWARE_LIB.a(OLED.c.obj)
                0x20000e00                OLED_DisplayBuf
 .bss.i.0       0x20001200        0x1 Project/libProject_LIB.a(tools.c.obj)
 .bss.Temp.1    0x20001201        0x1 Project/libProject_LIB.a(tools.c.obj)
 *fill*         0x20001202        0x2 
 .bss.CamerData
                0x20001204        0x4 Project/libProject_LIB.a(tools.c.obj)
                0x20001204                CamerData
 .bss.MotorStrat_3
                0x20001208        0x1 Project/libProject_LIB.a(tools.c.obj)
                0x20001208                MotorStrat_3
 .bss.MotorStrat_2
                0x20001209        0x1 Project/libProject_LIB.a(tools.c.obj)
                0x20001209                MotorStrat_2
 *fill*         0x2000120a        0x2 
 .bss.uxSchedulerSuspended
                0x2000120c        0x4 RTOS/libRTOS_LIB.a(tasks.c.obj)
 .bss.xIdleTaskHandle
                0x20001210        0x4 RTOS/libRTOS_LIB.a(tasks.c.obj)
 .bss.xNextTaskUnblockTime
                0x20001214        0x4 RTOS/libRTOS_LIB.a(tasks.c.obj)
 .bss.uxTaskNumber
                0x20001218        0x4 RTOS/libRTOS_LIB.a(tasks.c.obj)
 .bss.xNumOfOverflows
                0x2000121c        0x4 RTOS/libRTOS_LIB.a(tasks.c.obj)
 .bss.xYieldPending
                0x20001220        0x4 RTOS/libRTOS_LIB.a(tasks.c.obj)
 .bss.xPendedTicks
                0x20001224        0x4 RTOS/libRTOS_LIB.a(tasks.c.obj)
 .bss.xSchedulerRunning
                0x20001228        0x4 RTOS/libRTOS_LIB.a(tasks.c.obj)
 .bss.uxTopReadyPriority
                0x2000122c        0x4 RTOS/libRTOS_LIB.a(tasks.c.obj)
 .bss.xTickCount
                0x20001230        0x4 RTOS/libRTOS_LIB.a(tasks.c.obj)
 .bss.uxCurrentNumberOfTasks
                0x20001234        0x4 RTOS/libRTOS_LIB.a(tasks.c.obj)
 .bss.xSuspendedTaskList
                0x20001238       0x14 RTOS/libRTOS_LIB.a(tasks.c.obj)
 .bss.uxDeletedTasksWaitingCleanUp
                0x2000124c        0x4 RTOS/libRTOS_LIB.a(tasks.c.obj)
 .bss.xTasksWaitingTermination
                0x20001250       0x14 RTOS/libRTOS_LIB.a(tasks.c.obj)
 .bss.xPendingReadyList
                0x20001264       0x14 RTOS/libRTOS_LIB.a(tasks.c.obj)
 .bss.pxOverflowDelayedTaskList
                0x20001278        0x4 RTOS/libRTOS_LIB.a(tasks.c.obj)
 .bss.pxDelayedTaskList
                0x2000127c        0x4 RTOS/libRTOS_LIB.a(tasks.c.obj)
 .bss.xDelayedTaskList2
                0x20001280       0x14 RTOS/libRTOS_LIB.a(tasks.c.obj)
 .bss.xDelayedTaskList1
                0x20001294       0x14 RTOS/libRTOS_LIB.a(tasks.c.obj)
 .bss.pxReadyTasksLists
                0x200012a8      0x280 RTOS/libRTOS_LIB.a(tasks.c.obj)
 .bss.pxCurrentTCB
                0x20001528        0x4 RTOS/libRTOS_LIB.a(tasks.c.obj)
                0x20001528                pxCurrentTCB
 .bss.xLastTime.0
                0x2000152c        0x4 RTOS/libRTOS_LIB.a(timers.c.obj)
 .bss.xTimerTaskHandle
                0x20001530        0x4 RTOS/libRTOS_LIB.a(timers.c.obj)
 .bss.xTimerQueue
                0x20001534        0x4 RTOS/libRTOS_LIB.a(timers.c.obj)
 .bss.pxOverflowTimerList
                0x20001538        0x4 RTOS/libRTOS_LIB.a(timers.c.obj)
 .bss.pxCurrentTimerList
                0x2000153c        0x4 RTOS/libRTOS_LIB.a(timers.c.obj)
 .bss.xActiveTimerList2
                0x20001540       0x14 RTOS/libRTOS_LIB.a(timers.c.obj)
 .bss.xActiveTimerList1
                0x20001554       0x14 RTOS/libRTOS_LIB.a(timers.c.obj)
 .bss.xNumberOfSuccessfulFrees
                0x20001568        0x4 RTOS/libRTOS_LIB.a(heap_4.c.obj)
 .bss.xNumberOfSuccessfulAllocations
                0x2000156c        0x4 RTOS/libRTOS_LIB.a(heap_4.c.obj)
 .bss.xMinimumEverFreeBytesRemaining
                0x20001570        0x4 RTOS/libRTOS_LIB.a(heap_4.c.obj)
 .bss.xFreeBytesRemaining
                0x20001574        0x4 RTOS/libRTOS_LIB.a(heap_4.c.obj)
 .bss.pxEnd     0x20001578        0x4 RTOS/libRTOS_LIB.a(heap_4.c.obj)
 .bss.xStart    0x2000157c        0x8 RTOS/libRTOS_LIB.a(heap_4.c.obj)
 .bss.ulMaxPRIGROUPValue
                0x20001584        0x4 RTOS/libRTOS_LIB.a(port.c.obj)
 .bss.ucMaxSysCallPriority
                0x20001588        0x1 RTOS/libRTOS_LIB.a(port.c.obj)
 *fill*         0x20001589        0x3 
 .bss.xQueueRegistry
                0x2000158c       0x40 RTOS/libRTOS_LIB.a(queue.c.obj)
                0x2000158c                xQueueRegistry
 .bss.sec.0     0x200015cc        0x4 USER/libUSER_LIB.a(RTOSTask.c.obj)
 .bss.min.1     0x200015d0        0x4 USER/libUSER_LIB.a(RTOSTask.c.obj)
 .bss.hour.2    0x200015d4        0x4 USER/libUSER_LIB.a(RTOSTask.c.obj)
 .bss.yaw       0x200015d8        0x4 USER/libUSER_LIB.a(RTOSTask.c.obj)
                0x200015d8                yaw
 .bss.roll      0x200015dc        0x4 USER/libUSER_LIB.a(RTOSTask.c.obj)
                0x200015dc                roll
 .bss.pitch     0x200015e0        0x4 USER/libUSER_LIB.a(RTOSTask.c.obj)
                0x200015e0                pitch
 *(COMMON)
                0x200015e4                        . = ALIGN (0x4)
                0x200015e4                        _ebss = .
                0x200015e4                        __bss_end__ = _ebss

._user_heap_stack
                0x200015e4     0x1804
                0x200015e8                        . = ALIGN (0x8)
 *fill*         0x200015e4        0x4 
                [!provide]                        PROVIDE (end = .)
                [!provide]                        PROVIDE (_end = .)
                0x200019e8                        . = (. + _Min_Heap_Size)
 *fill*         0x200015e8      0x400 
                0x20002de8                        . = (. + _Min_Stack_Size)
 *fill*         0x200019e8     0x1400 
                0x20002de8                        . = ALIGN (0x8)

.ext_sdram      0xc0000000  0x1000000
                0xc0000000                        . = ALIGN (0x4)
 *(.ext_sram)
 .ext_sram      0xc0000000  0x1000000 USER/libUSER_LIB.a(RTOSTask.c.obj)
                0xc0000000                ucHeap
                0xc1000000                        . = ALIGN (0x4)

/DISCARD/
 libc.a(*)
 libm.a(*)
 libgcc.a(*)

.ARM.attributes
                0x00000000       0x30
 *(.ARM.attributes)
 .ARM.attributes
                0x00000000       0x22 /usr/lib/gcc/arm-none-eabi/13.2.1/thumb/v7e-m+fp/hard/crti.o
 .ARM.attributes
                0x00000022       0x34 /usr/lib/gcc/arm-none-eabi/13.2.1/thumb/v7e-m+fp/hard/crtbegin.o
 .ARM.attributes
                0x00000056       0x34 CMakeFiles/SMC.elf.dir/USER/main.c.obj
 .ARM.attributes
                0x0000008a       0x34 BSP/libBSP_LIB.a(sys.c.obj)
 .ARM.attributes
                0x000000be       0x34 BSP/libBSP_LIB.a(Serial.c.obj)
 .ARM.attributes
                0x000000f2       0x34 BSP/libBSP_LIB.a(usart.c.obj)
 .ARM.attributes
                0x00000126       0x34 BSP/libBSP_LIB.a(gpio.c.obj)
 .ARM.attributes
                0x0000015a       0x34 BSP/libBSP_LIB.a(stm32f4xx_gpio.c.obj)
 .ARM.attributes
                0x0000018e       0x34 BSP/libBSP_LIB.a(misc.c.obj)
 .ARM.attributes
                0x000001c2       0x34 BSP/libBSP_LIB.a(stm32f4xx_rcc.c.obj)
 .ARM.attributes
                0x000001f6       0x34 CORE/libCORE_LIB.a(stratup.c.obj)
 .ARM.attributes
                0x0000022a       0x34 CORE/libCORE_LIB.a(system_stm32f4xx.c.obj)
 .ARM.attributes
                0x0000025e       0x34 HARDWARE/libHARDWARE_LIB.a(inv_mpu.c.obj)
 .ARM.attributes
                0x00000292       0x34 HARDWARE/libHARDWARE_LIB.a(inv_mpu_dmp_motion_driver.c.obj)
 .ARM.attributes
                0x000002c6       0x34 HARDWARE/libHARDWARE_LIB.a(OLED.c.obj)
 .ARM.attributes
                0x000002fa       0x34 HARDWARE/libHARDWARE_LIB.a(OLED_Data.c.obj)
 .ARM.attributes
                0x0000032e       0x34 HARDWARE/libHARDWARE_LIB.a(sdram.c.obj)
 .ARM.attributes
                0x00000362       0x34 Project/libProject_LIB.a(adc.c.obj)
 .ARM.attributes
                0x00000396       0x34 Project/libProject_LIB.a(stm32f4xx_adc.c.obj)
 .ARM.attributes
                0x000003ca       0x34 Project/libProject_LIB.a(hw201.c.obj)
 .ARM.attributes
                0x000003fe       0x34 Project/libProject_LIB.a(key.c.obj)
 .ARM.attributes
                0x00000432       0x34 Project/libProject_LIB.a(led.c.obj)
 .ARM.attributes
                0x00000466       0x34 Project/libProject_LIB.a(pwm.c.obj)
 .ARM.attributes
                0x0000049a       0x34 Project/libProject_LIB.a(stm32f4xx_tim.c.obj)
 .ARM.attributes
                0x000004ce       0x34 Project/libProject_LIB.a(tb6612_port.c.obj)
 .ARM.attributes
                0x00000502       0x34 Project/libProject_LIB.a(ControlTask.c.obj)
 .ARM.attributes
                0x00000536       0x34 Project/libProject_LIB.a(tools.c.obj)
 .ARM.attributes
                0x0000056a       0x34 RTOS/libRTOS_LIB.a(tasks.c.obj)
 .ARM.attributes
                0x0000059e       0x34 RTOS/libRTOS_LIB.a(timers.c.obj)
 .ARM.attributes
                0x000005d2       0x34 RTOS/libRTOS_LIB.a(heap_4.c.obj)
 .ARM.attributes
                0x00000606       0x34 RTOS/libRTOS_LIB.a(port.c.obj)
 .ARM.attributes
                0x0000063a       0x34 RTOS/libRTOS_LIB.a(list.c.obj)
 .ARM.attributes
                0x0000066e       0x34 RTOS/libRTOS_LIB.a(queue.c.obj)
 .ARM.attributes
                0x000006a2       0x34 USER/libUSER_LIB.a(RTOSTask.c.obj)
 .ARM.attributes
                0x000006d6       0x34 BSP/i2c/libi2c_LIB.a(softi2c.c.obj)
 .ARM.attributes
                0x0000070a       0x22 /usr/lib/gcc/arm-none-eabi/13.2.1/thumb/v7e-m+fp/hard/libgcc.a(_arm_addsubdf3.o)
 .ARM.attributes
                0x0000072c       0x22 /usr/lib/gcc/arm-none-eabi/13.2.1/thumb/v7e-m+fp/hard/libgcc.a(_arm_muldivdf3.o)
 .ARM.attributes
                0x0000074e       0x22 /usr/lib/gcc/arm-none-eabi/13.2.1/thumb/v7e-m+fp/hard/libgcc.a(_arm_cmpdf2.o)
 .ARM.attributes
                0x00000770       0x22 /usr/lib/gcc/arm-none-eabi/13.2.1/thumb/v7e-m+fp/hard/libgcc.a(_arm_fixdfsi.o)
 .ARM.attributes
                0x00000792       0x22 /usr/lib/gcc/arm-none-eabi/13.2.1/thumb/v7e-m+fp/hard/libgcc.a(_arm_truncdfsf2.o)
 .ARM.attributes
                0x000007b4       0x34 /usr/lib/gcc/arm-none-eabi/13.2.1/../../../arm-none-eabi/lib/thumb/v7e-m+fp/hard/libg.a(libc_a-memset.o)
 .ARM.attributes
                0x000007e8       0x20 /usr/lib/gcc/arm-none-eabi/13.2.1/../../../arm-none-eabi/lib/thumb/v7e-m+fp/hard/libg.a(libc_a-strcmp.o)
 .ARM.attributes
                0x00000808       0x34 /usr/lib/gcc/arm-none-eabi/13.2.1/../../../arm-none-eabi/lib/thumb/v7e-m+fp/hard/libg.a(libc_a-vsprintf.o)
 .ARM.attributes
                0x0000083c       0x34 /usr/lib/gcc/arm-none-eabi/13.2.1/../../../arm-none-eabi/lib/thumb/v7e-m+fp/hard/libg.a(libc_a-impure.o)
 .ARM.attributes
                0x00000870       0x34 /usr/lib/gcc/arm-none-eabi/13.2.1/../../../arm-none-eabi/lib/thumb/v7e-m+fp/hard/libg.a(libc_a-memcmp.o)
 .ARM.attributes
                0x000008a4       0x20 /usr/lib/gcc/arm-none-eabi/13.2.1/../../../arm-none-eabi/lib/thumb/v7e-m+fp/hard/libg.a(libc_a-memcpy.o)
 .ARM.attributes
                0x000008c4       0x34 /usr/lib/gcc/arm-none-eabi/13.2.1/../../../arm-none-eabi/lib/thumb/v7e-m+fp/hard/libg.a(libc_a-init.o)
 .ARM.attributes
                0x000008f8       0x34 /usr/lib/gcc/arm-none-eabi/13.2.1/../../../arm-none-eabi/lib/thumb/v7e-m+fp/hard/libg.a(libc_a-findfp.o)
 .ARM.attributes
                0x0000092c       0x34 /usr/lib/gcc/arm-none-eabi/13.2.1/../../../arm-none-eabi/lib/thumb/v7e-m+fp/hard/libg.a(libc_a-puts.o)
 .ARM.attributes
                0x00000960       0x34 /usr/lib/gcc/arm-none-eabi/13.2.1/../../../arm-none-eabi/lib/thumb/v7e-m+fp/hard/libg.a(libc_a-fvwrite.o)
 .ARM.attributes
                0x00000994       0x34 /usr/lib/gcc/arm-none-eabi/13.2.1/../../../arm-none-eabi/lib/thumb/v7e-m+fp/hard/libg.a(libc_a-atexit.o)
 .ARM.attributes
                0x000009c8       0x34 /usr/lib/gcc/arm-none-eabi/13.2.1/../../../arm-none-eabi/lib/thumb/v7e-m+fp/hard/libg.a(libc_a-printf.o)
 .ARM.attributes
                0x000009fc       0x34 /usr/lib/gcc/arm-none-eabi/13.2.1/../../../arm-none-eabi/lib/thumb/v7e-m+fp/hard/libg.a(libc_a-fini.o)
 .ARM.attributes
                0x00000a30       0x1c /usr/lib/gcc/arm-none-eabi/13.2.1/../../../arm-none-eabi/lib/thumb/v7e-m+fp/hard/libg.a(libc_a-strlen.o)
 .ARM.attributes
                0x00000a4c       0x34 /usr/lib/gcc/arm-none-eabi/13.2.1/../../../arm-none-eabi/lib/thumb/v7e-m+fp/hard/libg.a(libc_a-fwalk.o)
 .ARM.attributes
                0x00000a80       0x34 /usr/lib/gcc/arm-none-eabi/13.2.1/../../../arm-none-eabi/lib/thumb/v7e-m+fp/hard/libg.a(libc_a-vfprintf.o)
 .ARM.attributes
                0x00000ab4       0x1c /usr/lib/gcc/arm-none-eabi/13.2.1/../../../arm-none-eabi/lib/thumb/v7e-m+fp/hard/libg.a(libc_a-memchr.o)
 .ARM.attributes
                0x00000ad0       0x34 /usr/lib/gcc/arm-none-eabi/13.2.1/../../../arm-none-eabi/lib/thumb/v7e-m+fp/hard/libg.a(libc_a-svfprintf.o)
 .ARM.attributes
                0x00000b04       0x34 /usr/lib/gcc/arm-none-eabi/13.2.1/../../../arm-none-eabi/lib/thumb/v7e-m+fp/hard/libg.a(libc_a-fflush.o)
 .ARM.attributes
                0x00000b38       0x34 /usr/lib/gcc/arm-none-eabi/13.2.1/../../../arm-none-eabi/lib/thumb/v7e-m+fp/hard/libg.a(libc_a-memmove.o)
 .ARM.attributes
                0x00000b6c       0x34 /usr/lib/gcc/arm-none-eabi/13.2.1/../../../arm-none-eabi/lib/thumb/v7e-m+fp/hard/libg.a(libc_a-mallocr.o)
 .ARM.attributes
                0x00000ba0       0x34 /usr/lib/gcc/arm-none-eabi/13.2.1/../../../arm-none-eabi/lib/thumb/v7e-m+fp/hard/libg.a(libc_a-dtoa.o)
 .ARM.attributes
                0x00000bd4       0x34 /usr/lib/gcc/arm-none-eabi/13.2.1/../../../arm-none-eabi/lib/thumb/v7e-m+fp/hard/libg.a(libc_a-wsetup.o)
 .ARM.attributes
                0x00000c08       0x34 /usr/lib/gcc/arm-none-eabi/13.2.1/../../../arm-none-eabi/lib/thumb/v7e-m+fp/hard/libg.a(libc_a-freer.o)
 .ARM.attributes
                0x00000c3c       0x34 /usr/lib/gcc/arm-none-eabi/13.2.1/../../../arm-none-eabi/lib/thumb/v7e-m+fp/hard/libg.a(libc_a-fclose.o)
 .ARM.attributes
                0x00000c70       0x34 /usr/lib/gcc/arm-none-eabi/13.2.1/../../../arm-none-eabi/lib/thumb/v7e-m+fp/hard/libg.a(libc_a-__call_atexit.o)
 .ARM.attributes
                0x00000ca4       0x34 /usr/lib/gcc/arm-none-eabi/13.2.1/../../../arm-none-eabi/lib/thumb/v7e-m+fp/hard/libg.a(libc_a-sysconf.o)
 .ARM.attributes
                0x00000cd8       0x34 /usr/lib/gcc/arm-none-eabi/13.2.1/../../../arm-none-eabi/lib/thumb/v7e-m+fp/hard/libg.a(libc_a-stdio.o)
 .ARM.attributes
                0x00000d0c       0x34 /usr/lib/gcc/arm-none-eabi/13.2.1/../../../arm-none-eabi/lib/thumb/v7e-m+fp/hard/libg.a(libc_a-__atexit.o)
 .ARM.attributes
                0x00000d40       0x34 /usr/lib/gcc/arm-none-eabi/13.2.1/../../../arm-none-eabi/lib/thumb/v7e-m+fp/hard/libg.a(libc_a-reallocr.o)
 .ARM.attributes
                0x00000d74       0x34 /usr/lib/gcc/arm-none-eabi/13.2.1/../../../arm-none-eabi/lib/thumb/v7e-m+fp/hard/libg.a(libc_a-mlock.o)
 .ARM.attributes
                0x00000da8       0x34 /usr/lib/gcc/arm-none-eabi/13.2.1/../../../arm-none-eabi/lib/thumb/v7e-m+fp/hard/libg.a(libc_a-ssprint_r.o)
 .ARM.attributes
                0x00000ddc       0x34 /usr/lib/gcc/arm-none-eabi/13.2.1/../../../arm-none-eabi/lib/thumb/v7e-m+fp/hard/libg.a(libc_a-sbrkr.o)
 .ARM.attributes
                0x00000e10       0x34 /usr/lib/gcc/arm-none-eabi/13.2.1/../../../arm-none-eabi/lib/thumb/v7e-m+fp/hard/libg.a(libc_a-sprint_r.o)
 .ARM.attributes
                0x00000e44       0x34 /usr/lib/gcc/arm-none-eabi/13.2.1/../../../arm-none-eabi/lib/thumb/v7e-m+fp/hard/libg.a(libc_a-assert.o)
 .ARM.attributes
                0x00000e78       0x34 /usr/lib/gcc/arm-none-eabi/13.2.1/../../../arm-none-eabi/lib/thumb/v7e-m+fp/hard/libg.a(libc_a-mprec.o)
 .ARM.attributes
                0x00000eac       0x34 /usr/lib/gcc/arm-none-eabi/13.2.1/../../../arm-none-eabi/lib/thumb/v7e-m+fp/hard/libg.a(libc_a-localeconv.o)
 .ARM.attributes
                0x00000ee0       0x34 /usr/lib/gcc/arm-none-eabi/13.2.1/../../../arm-none-eabi/lib/thumb/v7e-m+fp/hard/libg.a(libc_a-makebuf.o)
 .ARM.attributes
                0x00000f14       0x34 /usr/lib/gcc/arm-none-eabi/13.2.1/../../../arm-none-eabi/lib/thumb/v7e-m+fp/hard/libg.a(libc_a-locale.o)
 .ARM.attributes
                0x00000f48       0x34 /usr/lib/gcc/arm-none-eabi/13.2.1/../../../arm-none-eabi/lib/thumb/v7e-m+fp/hard/libg.a(libc_a-mbtowc_r.o)
 .ARM.attributes
                0x00000f7c       0x34 /usr/lib/gcc/arm-none-eabi/13.2.1/../../../arm-none-eabi/lib/thumb/v7e-m+fp/hard/libg.a(libc_a-errno.o)
 .ARM.attributes
                0x00000fb0       0x34 /usr/lib/gcc/arm-none-eabi/13.2.1/../../../arm-none-eabi/lib/thumb/v7e-m+fp/hard/libg.a(libc_a-abort.o)
 .ARM.attributes
                0x00000fe4       0x34 /usr/lib/gcc/arm-none-eabi/13.2.1/../../../arm-none-eabi/lib/thumb/v7e-m+fp/hard/libg.a(libc_a-callocr.o)
 .ARM.attributes
                0x00001018       0x34 /usr/lib/gcc/arm-none-eabi/13.2.1/../../../arm-none-eabi/lib/thumb/v7e-m+fp/hard/libg.a(libc_a-ssputs_r.o)
 .ARM.attributes
                0x0000104c       0x34 /usr/lib/gcc/arm-none-eabi/13.2.1/../../../arm-none-eabi/lib/thumb/v7e-m+fp/hard/libg.a(libc_a-fiprintf.o)
 .ARM.attributes
                0x00001080       0x34 /usr/lib/gcc/arm-none-eabi/13.2.1/../../../arm-none-eabi/lib/thumb/v7e-m+fp/hard/libg.a(libc_a-wctomb_r.o)
 .ARM.attributes
                0x000010b4       0x34 /usr/lib/gcc/arm-none-eabi/13.2.1/../../../arm-none-eabi/lib/thumb/v7e-m+fp/hard/libg.a(libc_a-reent.o)
 .ARM.attributes
                0x000010e8       0x34 /usr/lib/gcc/arm-none-eabi/13.2.1/../../../arm-none-eabi/lib/thumb/v7e-m+fp/hard/libg.a(libc_a-ctype_.o)
 .ARM.attributes
                0x0000111c       0x34 /usr/lib/gcc/arm-none-eabi/13.2.1/../../../arm-none-eabi/lib/thumb/v7e-m+fp/hard/libg.a(libc_a-signal.o)
 .ARM.attributes
                0x00001150       0x34 /usr/lib/gcc/arm-none-eabi/13.2.1/../../../arm-none-eabi/lib/thumb/v7e-m+fp/hard/libg.a(libc_a-vfiprintf.o)
 .ARM.attributes
                0x00001184       0x22 /usr/lib/gcc/arm-none-eabi/13.2.1/thumb/v7e-m+fp/hard/libgcc.a(_arm_unorddf2.o)
 .ARM.attributes
                0x000011a6       0x34 /usr/lib/gcc/arm-none-eabi/13.2.1/thumb/v7e-m+fp/hard/crtend.o
 .ARM.attributes
                0x000011da       0x22 /usr/lib/gcc/arm-none-eabi/13.2.1/thumb/v7e-m+fp/hard/crtn.o
OUTPUT(SMC.elf elf32-littlearm)
LOAD linker stubs
LOAD /usr/lib/gcc/arm-none-eabi/13.2.1/../../../arm-none-eabi/lib/thumb/v7e-m+fp/hard/libc.a
LOAD /usr/lib/gcc/arm-none-eabi/13.2.1/../../../arm-none-eabi/lib/thumb/v7e-m+fp/hard/libm.a
LOAD /usr/lib/gcc/arm-none-eabi/13.2.1/thumb/v7e-m+fp/hard/libgcc.a

.comment        0x00000000       0x26
 .comment       0x00000000       0x26 /usr/lib/gcc/arm-none-eabi/13.2.1/thumb/v7e-m+fp/hard/crtbegin.o
                                 0x27 (size before relaxing)
 .comment       0x00000026       0x27 CMakeFiles/SMC.elf.dir/USER/main.c.obj
 .comment       0x00000026       0x27 BSP/libBSP_LIB.a(sys.c.obj)
 .comment       0x00000026       0x27 BSP/libBSP_LIB.a(Serial.c.obj)
 .comment       0x00000026       0x27 BSP/libBSP_LIB.a(usart.c.obj)
 .comment       0x00000026       0x27 BSP/libBSP_LIB.a(gpio.c.obj)
 .comment       0x00000026       0x27 BSP/libBSP_LIB.a(stm32f4xx_gpio.c.obj)
 .comment       0x00000026       0x27 BSP/libBSP_LIB.a(misc.c.obj)
 .comment       0x00000026       0x27 BSP/libBSP_LIB.a(stm32f4xx_rcc.c.obj)
 .comment       0x00000026       0x27 CORE/libCORE_LIB.a(stratup.c.obj)
 .comment       0x00000026       0x27 CORE/libCORE_LIB.a(system_stm32f4xx.c.obj)
 .comment       0x00000026       0x27 HARDWARE/libHARDWARE_LIB.a(inv_mpu.c.obj)
 .comment       0x00000026       0x27 HARDWARE/libHARDWARE_LIB.a(inv_mpu_dmp_motion_driver.c.obj)
 .comment       0x00000026       0x27 HARDWARE/libHARDWARE_LIB.a(OLED.c.obj)
 .comment       0x00000026       0x27 HARDWARE/libHARDWARE_LIB.a(OLED_Data.c.obj)
 .comment       0x00000026       0x27 HARDWARE/libHARDWARE_LIB.a(sdram.c.obj)
 .comment       0x00000026       0x27 Project/libProject_LIB.a(adc.c.obj)
 .comment       0x00000026       0x27 Project/libProject_LIB.a(stm32f4xx_adc.c.obj)
 .comment       0x00000026       0x27 Project/libProject_LIB.a(hw201.c.obj)
 .comment       0x00000026       0x27 Project/libProject_LIB.a(key.c.obj)
 .comment       0x00000026       0x27 Project/libProject_LIB.a(led.c.obj)
 .comment       0x00000026       0x27 Project/libProject_LIB.a(pwm.c.obj)
 .comment       0x00000026       0x27 Project/libProject_LIB.a(stm32f4xx_tim.c.obj)
 .comment       0x00000026       0x27 Project/libProject_LIB.a(tb6612_port.c.obj)
 .comment       0x00000026       0x27 Project/libProject_LIB.a(ControlTask.c.obj)
 .comment       0x00000026       0x27 Project/libProject_LIB.a(tools.c.obj)
 .comment       0x00000026       0x27 RTOS/libRTOS_LIB.a(tasks.c.obj)
 .comment       0x00000026       0x27 RTOS/libRTOS_LIB.a(timers.c.obj)
 .comment       0x00000026       0x27 RTOS/libRTOS_LIB.a(heap_4.c.obj)
 .comment       0x00000026       0x27 RTOS/libRTOS_LIB.a(port.c.obj)
 .comment       0x00000026       0x27 RTOS/libRTOS_LIB.a(list.c.obj)
 .comment       0x00000026       0x27 RTOS/libRTOS_LIB.a(queue.c.obj)
 .comment       0x00000026       0x27 USER/libUSER_LIB.a(RTOSTask.c.obj)
 .comment       0x00000026       0x27 BSP/i2c/libi2c_LIB.a(softi2c.c.obj)
 .comment       0x00000026       0x27 /usr/lib/gcc/arm-none-eabi/13.2.1/../../../arm-none-eabi/lib/thumb/v7e-m+fp/hard/libg.a(libc_a-memset.o)